BL51 BANKED LINKER/LOCATER V6.22                                                        09/06/2024  00:02:55  PAGE 1


BL51 BANKED LINKER/LOCATER V6.22, INVOKED BY:
D:\KELI\C51\BIN\BL51.EXE .\source\STCBSP_V3.6.LIB, .\output\gps.obj TO .\output\BSP_Demo PRINT (.\list\BSP_Demo.m51) RAM
>> SIZE (256) XDATA (0X0000-0X07FF)


MEMORY MODEL: SMALL WITH FLOATING POINT ARITHMETIC


INPUT MODULES INCLUDED:
  .\output\gps.obj (GPS)
  .\source\STCBSP_V3.6.LIB (ADC)
  .\source\STCBSP_V3.6.LIB (BEEP)
  .\source\STCBSP_V3.6.LIB (DISPLAYER)
  .\source\STCBSP_V3.6.LIB (KEY)
  .\source\STCBSP_V3.6.LIB (SYS)
  .\source\STCBSP_V3.6.LIB (VIB)
  .\source\STCBSP_V3.6.LIB (MUSIC)
  .\source\STCBSP_V3.6.LIB (DS1302)
  .\source\STCBSP_V3.6.LIB (M24C02)
  .\source\STCBSP_V3.6.LIB (UART2)
  .\source\STCBSP_V3.6.LIB (UART1)
  D:\KELI\C51\LIB\C51FPS.LIB (?C?FPADD)
  D:\KELI\C51\LIB\C51FPS.LIB (?C?FPMUL)
  D:\KELI\C51\LIB\C51FPS.LIB (?C?FPDIV)
  D:\KELI\C51\LIB\C51FPS.LIB (?C?FCAST)
  D:\KELI\C51\LIB\C51FPS.LIB (?C?CASTF)
  D:\KELI\C51\LIB\C51FPS.LIB (SQRT)
  D:\KELI\C51\LIB\C51FPS.LIB (SIN)
  D:\KELI\C51\LIB\C51FPS.LIB (ASIN)
  D:\KELI\C51\LIB\C51FPS.LIB (POW)
  D:\KELI\C51\LIB\C51FPS.LIB (?C?FPGETOPN)
  D:\KELI\C51\LIB\C51FPS.LIB (?C?CHKFLOAT)
  D:\KELI\C51\LIB\C51FPS.LIB (?C?FPCMP)
  D:\KELI\C51\LIB\C51FPS.LIB (?C?FPNEG)
  D:\KELI\C51\LIB\C51FPS.LIB (?C?FPSERIES)
  D:\KELI\C51\LIB\C51FPS.LIB (EXP)
  D:\KELI\C51\LIB\C51FPS.LIB (LOG)
  D:\KELI\C51\LIB\C51FPS.LIB (ATAN)
  D:\KELI\C51\LIB\C51S.LIB (?C_STARTUP)
  D:\KELI\C51\LIB\C51S.LIB (?C?COPY)
  D:\KELI\C51\LIB\C51S.LIB (?C?CLDOPTR)
  D:\KELI\C51\LIB\C51S.LIB (?C?CSTOPTR)
  D:\KELI\C51\LIB\C51S.LIB (?C?IMUL)
  D:\KELI\C51\LIB\C51S.LIB (?C?UIDIV)
  D:\KELI\C51\LIB\C51S.LIB (?C?SIDIV)
  D:\KELI\C51\LIB\C51S.LIB (?C?IILDX)
  D:\KELI\C51\LIB\C51S.LIB (?C?ILDIX)
  D:\KELI\C51\LIB\C51S.LIB (?C?LMUL)
  D:\KELI\C51\LIB\C51S.LIB (?C?ULDIV)
  D:\KELI\C51\LIB\C51S.LIB (?C?SLDIV)
  D:\KELI\C51\LIB\C51S.LIB (?C?LNEG)
  D:\KELI\C51\LIB\C51S.LIB (?C?ULSHR)
  D:\KELI\C51\LIB\C51S.LIB (?C?SLSHR)
  D:\KELI\C51\LIB\C51S.LIB (?C?LLDCODE)
  D:\KELI\C51\LIB\C51S.LIB (?C?LLDCODE0)
  D:\KELI\C51\LIB\C51S.LIB (?C?LSTXDATA)
  D:\KELI\C51\LIB\C51S.LIB (?C?OFFXADD)
  D:\KELI\C51\LIB\C51S.LIB (?C?ICALL)
BL51 BANKED LINKER/LOCATER V6.22                                                      09/06/2024  00:02:55  PAGE 2


  D:\KELI\C51\LIB\C51S.LIB (?C_IBP)
  D:\KELI\C51\LIB\C51S.LIB (?C_INIT)


LINK MAP OF MODULE:  .\output\BSP_Demo (GPS)


            TYPE    BASE      LENGTH    RELOCATION   SEGMENT NAME
            -----------------------------------------------------

            * * * * * * *   D A T A   M E M O R Y   * * * * * * *
            REG     0000H     0008H     ABSOLUTE     "REG BANK 0"
            DATA    0008H     0012H     UNIT         ?DT?SYS
            DATA    001AH     0002H     UNIT         ?DT?ADC
            DATA    001CH     0002H     UNIT         ?DT?GETULTRASONIC?SYS
            DATA    001EH     0002H     UNIT         ?DT?UART2
            BIT     0020H.0   0001H.7   UNIT         ?BI?SYS
            BIT     0021H.7   0000H.2   UNIT         _BIT_GROUP_
            BIT     0022H.1   0000H.1   UNIT         ?BI?GPS
            BIT     0022H.2   0000H.1   UNIT         ?BI?ADC
            BIT     0022H.3   0000H.1   UNIT         ?BI?MUSIC
                    0022H.4   0000H.4                *** GAP ***
            DATA    0023H     001CH     UNIT         ?DT?GPS
            DATA    003FH     000EH     UNIT         _DATA_GROUP_
            DATA    004DH     0001H     UNIT         ?DT?KEY
            DATA    004EH     0001H     UNIT         ?DT?VIB
            DATA    004FH     0001H     UNIT         ?C?LIB_DATA
            IDATA   0050H     0001H     UNIT         ?STACK

            * * * * * * *  X D A T A   M E M O R Y  * * * * * * *
            XDATA   0000H     00AFH     UNIT         ?XD?GPS
            XDATA   00AFH     006EH     UNIT         ?XD?SYS
            XDATA   011DH     001EH     UNIT         ?XD?ADC
            XDATA   013BH     001CH     UNIT         _XDATA_GROUP_
            XDATA   0157H     0015H     UNIT         ?XD?UART2
            XDATA   016CH     0015H     UNIT         ?XD?UART1
            XDATA   0181H     0010H     UNIT         ?XD?MUSIC
            XDATA   0191H     000CH     UNIT         ?XD?DISPLAYER
            XDATA   019DH     000AH     UNIT         ?XD?KEY
            XDATA   01A7H     0009H     UNIT         ?XD?DS1302
            XDATA   01B0H     0001H     UNIT         ?XD?VIB

            * * * * * * *   C O D E   M E M O R Y   * * * * * * *
            CODE    0000H     0003H     ABSOLUTE     
            CODE    0003H     0007H     UNIT         ?PR?GETADC?ADC
            CODE    000AH     0001H     UNIT         ?PR?_?NULLFUNC?SYS
            CODE    000BH     0003H     ABSOLUTE     
            CODE    000EH     0015H     UNIT         ?PR?_M24C02_WRITE?M24C02
            CODE    0023H     0003H     ABSOLUTE     
            CODE    0026H     0003H     UNIT         ?PR?_?RET0FUNC?SYS
            CODE    0029H     0001H     UNIT         ?PR?_?NULLFUNC0?UART2
                    002AH     0001H                  *** GAP ***
            CODE    002BH     0003H     ABSOLUTE     
            CODE    002EH     000DH     UNIT         ?PR?_?SYS_SV_DRV?VIB
            CODE    003BH     0003H     ABSOLUTE     
            CODE    003EH     0003H     UNIT         ?PR?CLRBEEPPIN?SYS
                    0041H     0002H                  *** GAP ***
BL51 BANKED LINKER/LOCATER V6.22                                                      09/06/2024  00:02:55  PAGE 3


            CODE    0043H     0003H     ABSOLUTE     
            CODE    0046H     07E0H     UNIT         ?C?LIB_CODE
            CODE    0826H     0564H     UNIT         ?PR?NAV_CALLBACK?GPS
            CODE    0D8AH     042DH     UNIT         ?PR?DISPLAY?GPS
            CODE    11B7H     02F6H     UNIT         ?PR?_?SYS_MUSIC_DRV?MUSIC
            CODE    14ADH     0278H     UNIT         ?PR?CAL_DIS?GPS
            CODE    1725H     0230H     UNIT         ?PR?UART1_CALLBACK?GPS
            CODE    1955H     021FH     UNIT         ?PR?UART2_CALLBACK?GPS
            CODE    1B74H     01D2H     UNIT         ?PR?UART2_ISR?UART2
            CODE    1D46H     01ACH     UNIT         ?PR?_?SYS_ADC_DRV?ADC
            CODE    1EF2H     016EH     UNIT         ?PR?SIN?SIN
            CODE    2060H     0135H     UNIT         ?PR?LOG?LOG
            CODE    2195H     0130H     UNIT         ?PR?UART1_ISR?UART1
            CODE    22C5H     0128H     UNIT         ?PR?ATAN?ATAN
            CODE    23EDH     0126H     UNIT         ?CO?MUSIC
            CODE    2513H     0123H     UNIT         ?C_INITSEG
            CODE    2636H     0123H     UNIT         ?PR?_?SYS_KEY_DRV?KEY
            CODE    2759H     0117H     UNIT         ?PR?_POW?POW
            CODE    2870H     00FEH     UNIT         ?PR?DS1302INIT?DS1302
            CODE    296EH     00EDH     UNIT         ?PR?SYS_TASK_1MS?SYS
            CODE    2A5BH     00E9H     UNIT         ?PR?_?SYS_DISPLAY_DRV?DISPLAYER
            CODE    2B44H     00E8H     UNIT         ?PR?KEY_CALLBACK?GPS
            CODE    2C2CH     00C9H     UNIT         ?PR?MAIN?GPS
            CODE    2CF5H     00B5H     UNIT         ?PR?_UART2INIT?UART2
            CODE    2DAAH     00AAH     UNIT         ?PR?_PLAYTONE?MUSIC
            CODE    2E54H     00AAH     UNIT         ?PR?SQRT?SQRT
            CODE    2EFEH     00A8H     UNIT         ?PR?SYS_CCP_ISR?SYS
            CODE    2FA6H     00A5H     UNIT         ?PR?_?SYS_DS1302_DRV?DS1302
            CODE    304BH     009AH     UNIT         ?PR?EXP?EXP
            CODE    30E5H     0093H     UNIT         ?PR?SYS_TASK_10MS?SYS
            CODE    3178H     008CH     UNIT         ?C_C51STARTUP
            CODE    3204H     008BH     UNIT         ?PR?SYS_TASK_IR?SYS
            CODE    328FH     007DH     UNIT         ?PR?_SETEVENTCALLBACK?SYS
            CODE    330CH     0078H     UNIT         ?PR?_SETBEEP?BEEP
            CODE    3384H     0077H     UNIT         ?PR?_UART1INIT?UART1
            CODE    33FBH     0058H     UNIT         ?PR?_SETMUSIC?MUSIC
            CODE    3453H     0053H     UNIT         ?PR?GETULTRASONIC?SYS
            CODE    34A6H     0052H     UNIT         ?PR?SYS_TIMER0_ISR?SYS
            CODE    34F8H     0047H     UNIT         ?PR?SYS_TIMER0_INIT?SYS
            CODE    353FH     0046H     UNIT         ?PR?_GETADCNAVACT?ADC
            CODE    3585H     0044H     UNIT         ?C?LDIV
            CODE    35C9H     0040H     UNIT         ?PR?_GETKEYACT?KEY
            CODE    3609H     003FH     UNIT         ?PR?SYS_TASK_100MS?SYS
            CODE    3648H     003EH     UNIT         ?CO?GPS
            CODE    3686H     003EH     UNIT         ?PR?MYSTC_OS?SYS
            CODE    36C4H     003BH     UNIT         ?PR?ASIN?ASIN
            CODE    36FFH     0031H     UNIT         ?PR?_ADCINIT?ADC
            CODE    3730H     0031H     UNIT         ?PR?_SETUART2RXD?UART2
            CODE    3761H     0031H     UNIT         ?PR?_SETUART1RXD?UART1
            CODE    3792H     002FH     UNIT         ?PR?_UART2PRINT?UART2
            CODE    37C1H     002EH     UNIT         ?PR?_DS1302READ?DS1302
            CODE    37EFH     002BH     UNIT         ?PR?SYS_TASK_1S?SYS
            CODE    381AH     0029H     UNIT         ?PR?_RADIAN?GPS
            CODE    3843H     0029H     UNIT         ?PR?_NVM_WRITE?DS1302
            CODE    386CH     0028H     UNIT         ?PR?_?SYS_BEEP_DRV?BEEP
            CODE    3894H     0028H     UNIT         ?PR?_SETPLAYERMODE?MUSIC
            CODE    38BCH     0028H     UNIT         ?PR?_UART1PRINT?UART1
BL51 BANKED LINKER/LOCATER V6.22                                                      09/06/2024  00:02:55  PAGE 4


            CODE    38E4H     0024H     UNIT         ?PR?RESPONS?M24C02
            CODE    3908H     0024H     UNIT         ?PR?_WRITEBYTE?M24C02
            CODE    392CH     0022H     UNIT         ?PR?READBYTE?M24C02
            CODE    394EH     0021H     UNIT         ?PR?M24C02_INIT?GPS
            CODE    396FH     0020H     UNIT         ?PR?BEEPINIT?BEEP
            CODE    398FH     0020H     UNIT         ?PR?_SEG7PRINT?DISPLAYER
            CODE    39AFH     0020H     UNIT         ?PR?_DS1302WRITE?DS1302
            CODE    39CFH     001DH     UNIT         ?PR?KEYINIT?KEY
            CODE    39ECH     001DH     UNIT         ?PR?VIBINIT?VIB
            CODE    3A09H     001CH     UNIT         ?PR?_M24C02_READ?M24C02
            CODE    3A25H     001BH     UNIT         ?PR?DISPLAYERINIT?DISPLAYER
            CODE    3A40H     0019H     UNIT         ?PR?_DS1302WRITEBYTE?DS1302
            CODE    3A59H     0019H     UNIT         ?PR?RTC_WRITE?DS1302
            CODE    3A72H     0018H     UNIT         ?PR?DS1302READBYTE?DS1302
            CODE    3A8AH     0012H     UNIT         ?PR?_NVM_READ?DS1302
            CODE    3A9CH     0011H     UNIT         ?PR?_SETCCP0?SYS
            CODE    3AADH     0010H     UNIT         ?PR?START?M24C02
            CODE    3ABDH     000FH     UNIT         ?PR?_?GETVIBACT?VIB
            CODE    3ACCH     000FH     UNIT         ?PR?MUSICPLAYERINIT?MUSIC
            CODE    3ADBH     000FH     UNIT         ?PR?_?SYS_GET_UART2RXDEVENT?UART2
            CODE    3AEAH     000FH     UNIT         ?PR?_?SYS_GET_UART1RXDEVENT?UART1
            CODE    3AF9H     000EH     UNIT         ?PR?VIB_CALLBACK?GPS
            CODE    3B07H     000EH     UNIT         ?PR?_?SYS_GET_KNEVENT?ADC
            CODE    3B15H     000EH     UNIT         ?PR?_?SYS_GET_EXTADCEVENT?ADC
            CODE    3B23H     000EH     UNIT         ?PR?_?SYS_GET_KEYEVENT?KEY
            CODE    3B31H     000EH     UNIT         ?PR?_?SYS_GET_SVEVENT?VIB
            CODE    3B3FH     000DH     UNIT         ?PR?STOP?M24C02
            CODE    3B4CH     000CH     UNIT         ?PR?GETBEEPSTATUS?BEEP
            CODE    3B58H     000BH     UNIT         ?PR?GETUART2TXSTATUS?UART2
            CODE    3B63H     000BH     UNIT         ?PR?GETUART1TXSTATUS?UART1
            CODE    3B6EH     0009H     UNIT         ?PR?DELAY10MS?GPS
            CODE    3B77H     0009H     UNIT         ?CO?ADC
            CODE    3B80H     0009H     UNIT         ?PR?_SETDISPLAYERAREA?DISPLAYER
            CODE    3B89H     0009H     UNIT         ?PR?GETBEEPTIMER?SYS
            CODE    3B92H     0009H     UNIT         ?PR?_SETBEEPTIMER?SYS
            CODE    3B9BH     0007H     UNIT         ?PR?GETSYSPERFORMANCE?SYS
            CODE    3BA2H     0007H     UNIT         ?PR?RTC_READ?DS1302
            CODE    3BA9H     0006H     UNIT         ?PR?ADC_ISR?ADC
            CODE    3BAFH     0006H     UNIT         ?PR?_LEDPRINT?DISPLAYER
            CODE    3BB5H     0006H     UNIT         ?PR?MYSTC_INIT?SYS
            CODE    3BBBH     0006H     UNIT         ?PR?GETPLAYERMODE?MUSIC



OVERLAY MAP OF MODULE:   .\output\BSP_Demo (GPS)


SEGMENT                                      BIT_GROUP          DATA_GROUP          XDATA_GROUP
  +--> CALLED SEGMENT                     START    LENGTH     START    LENGTH     START    LENGTH
-------------------------------------------------------------------------------------------------
?C_C51STARTUP                             -----    -----      -----    -----      -----    -----
  +--> ?PR?MAIN?GPS
  +--> ?C_INITSEG

?PR?MAIN?GPS                              -----    -----      -----    -----      -----    -----
  +--> ?PR?KEYINIT?KEY
  +--> ?PR?DISPLAYERINIT?DISPLAYER
BL51 BANKED LINKER/LOCATER V6.22                                                      09/06/2024  00:02:55  PAGE 5


  +--> ?PR?DS1302INIT?DS1302
  +--> ?PR?_ADCINIT?ADC
  +--> ?PR?BEEPINIT?BEEP
  +--> ?PR?MUSICPLAYERINIT?MUSIC
  +--> ?PR?VIBINIT?VIB
  +--> ?PR?_SETDISPLAYERAREA?DISPLAYER
  +--> ?PR?_LEDPRINT?DISPLAYER
  +--> ?PR?_UART1INIT?UART1
  +--> ?PR?_UART2INIT?UART2
  +--> ?CO?GPS
  +--> ?PR?_SETUART1RXD?UART1
  +--> ?PR?UART1_CALLBACK?GPS
  +--> ?PR?_SETEVENTCALLBACK?SYS
  +--> ?PR?UART2_CALLBACK?GPS
  +--> ?PR?_SETUART2RXD?UART2
  +--> ?PR?KEY_CALLBACK?GPS
  +--> ?PR?NAV_CALLBACK?GPS
  +--> ?PR?DISPLAY?GPS
  +--> ?PR?MYSTC_INIT?SYS
  +--> ?PR?MYSTC_OS?SYS

?PR?KEYINIT?KEY                           -----    -----      -----    -----      -----    -----
  +--> ?PR?_?SYS_GET_KEYEVENT?KEY
  +--> ?PR?_?SYS_KEY_DRV?KEY

?PR?DISPLAYERINIT?DISPLAYER               -----    -----      -----    -----      -----    -----
  +--> ?PR?_?SYS_DISPLAY_DRV?DISPLAYER

?PR?_?SYS_DISPLAY_DRV?DISPLAYER           -----    -----      -----    -----      -----    -----
  +--> ?CO?GPS

?PR?DS1302INIT?DS1302                     -----    -----      003FH    0007H      -----    -----
  +--> ?PR?_DS1302READ?DS1302
  +--> ?PR?_DS1302WRITE?DS1302
  +--> ?PR?_NVM_READ?DS1302
  +--> ?PR?RTC_WRITE?DS1302
  +--> ?PR?_NVM_WRITE?DS1302
  +--> ?PR?_?SYS_DS1302_DRV?DS1302

?PR?_DS1302READ?DS1302                    -----    -----      -----    -----      -----    -----
  +--> ?PR?_DS1302WRITEBYTE?DS1302
  +--> ?PR?DS1302READBYTE?DS1302

?PR?_DS1302WRITE?DS1302                   -----    -----      -----    -----      -----    -----
  +--> ?PR?_DS1302WRITEBYTE?DS1302

?PR?_NVM_READ?DS1302                      -----    -----      -----    -----      -----    -----
  +--> ?PR?_DS1302READ?DS1302

?PR?RTC_WRITE?DS1302                      -----    -----      0046H    0007H      -----    -----

?PR?_NVM_WRITE?DS1302                     -----    -----      -----    -----      -----    -----
  +--> ?PR?_DS1302WRITE?DS1302

?PR?_?SYS_DS1302_DRV?DS1302               -----    -----      -----    -----      -----    -----
  +--> ?PR?_DS1302READ?DS1302
  +--> ?PR?_DS1302WRITE?DS1302
BL51 BANKED LINKER/LOCATER V6.22                                                      09/06/2024  00:02:55  PAGE 6



?PR?_ADCINIT?ADC                          -----    -----      -----    -----      -----    -----
  +--> ?PR?_?SYS_ADC_DRV?ADC
  +--> ?PR?_?SYS_GET_KNEVENT?ADC
  +--> ?PR?_?SYS_GET_EXTADCEVENT?ADC

?PR?_?SYS_ADC_DRV?ADC                     -----    -----      -----    -----      -----    -----
  +--> ?CO?ADC

?PR?BEEPINIT?BEEP                         -----    -----      -----    -----      -----    -----
  +--> ?PR?CLRBEEPPIN?SYS
  +--> ?PR?_?SYS_BEEP_DRV?BEEP

?PR?_?SYS_BEEP_DRV?BEEP                   -----    -----      -----    -----      -----    -----
  +--> ?PR?GETBEEPTIMER?SYS
  +--> ?PR?_SETBEEPTIMER?SYS

?PR?MUSICPLAYERINIT?MUSIC                 -----    -----      -----    -----      -----    -----
  +--> ?PR?_?SYS_MUSIC_DRV?MUSIC

?PR?_?SYS_MUSIC_DRV?MUSIC                 -----    -----      -----    -----      -----    -----
  +--> ?PR?GETBEEPSTATUS?BEEP
  +--> ?PR?_SEG7PRINT?DISPLAYER
  +--> ?PR?_LEDPRINT?DISPLAYER
  +--> ?PR?_PLAYTONE?MUSIC

?PR?GETBEEPSTATUS?BEEP                    -----    -----      -----    -----      -----    -----
  +--> ?PR?GETBEEPTIMER?SYS

?PR?_SEG7PRINT?DISPLAYER                  -----    -----      003FH    0008H      -----    -----

?PR?_PLAYTONE?MUSIC                       -----    -----      003FH    0006H      -----    -----
  +--> ?PR?GETBEEPSTATUS?BEEP
  +--> ?CO?MUSIC
  +--> ?PR?_SETBEEP?BEEP

?PR?_SETBEEP?BEEP                         -----    -----      0045H    0004H      -----    -----
  +--> ?PR?GETBEEPTIMER?SYS
  +--> ?PR?_SETBEEPTIMER?SYS
  +--> ?CO?GPS
  +--> ?PR?_SETCCP0?SYS
  +--> ?PR?CLRBEEPPIN?SYS

?PR?VIBINIT?VIB                           -----    -----      -----    -----      -----    -----
  +--> ?PR?_?SYS_GET_SVEVENT?VIB
  +--> ?PR?_?SYS_SV_DRV?VIB

?PR?_UART1INIT?UART1                      -----    -----      003FH    0004H      -----    -----
  +--> ?CO?GPS
  +--> ?PR?_?SYS_GET_UART1RXDEVENT?UART1

?PR?_UART2INIT?UART2                      -----    -----      003FH    0005H      -----    -----
  +--> ?PR?_?NULLFUNC0?UART2
  +--> ?CO?GPS
  +--> ?PR?_?SYS_GET_UART2RXDEVENT?UART2

?PR?_SETUART1RXD?UART1                    -----    -----      003FH    000AH      -----    -----
BL51 BANKED LINKER/LOCATER V6.22                                                      09/06/2024  00:02:55  PAGE 7



?PR?UART1_CALLBACK?GPS                    -----    -----      -----    -----      -----    -----
  +--> ?PR?DS1302INIT?DS1302
  +--> ?PR?_SEG7PRINT?DISPLAYER
  +--> ?PR?RTC_WRITE?DS1302
  +--> ?PR?DISPLAY?GPS
  +--> ?PR?CAL_DIS?GPS

?PR?DISPLAY?GPS                           -----    -----      -----    -----      -----    -----
  +--> ?PR?VIB_CALLBACK?GPS
  +--> ?PR?_SETEVENTCALLBACK?SYS
  +--> ?PR?RTC_READ?DS1302
  +--> ?PR?_SEG7PRINT?DISPLAYER
  +--> ?CO?GPS
  +--> ?PR?_SETMUSIC?MUSIC
  +--> ?PR?_SETPLAYERMODE?MUSIC
  +--> ?PR?_LEDPRINT?DISPLAYER

?PR?VIB_CALLBACK?GPS                      -----    -----      -----    -----      -----    -----
  +--> ?PR?_?GETVIBACT?VIB

?PR?_SETEVENTCALLBACK?SYS                 -----    -----      003FH    0003H      -----    -----

?PR?_SETMUSIC?MUSIC                       -----    -----      003FH    0008H      -----    -----

?PR?CAL_DIS?GPS                           -----    -----      -----    -----      013BH    001CH
  +--> ?PR?_RADIAN?GPS
  +--> ?PR?SIN?SIN
  +--> ?PR?_POW?POW
  +--> ?PR?SQRT?SQRT
  +--> ?PR?ASIN?ASIN

?PR?_RADIAN?GPS                           -----    -----      003FH    0004H      -----    -----

?PR?SIN?SIN                               0021H.7  0000H.1    003FH    0004H      -----    -----

?PR?_POW?POW                              -----    -----      003FH    000AH      -----    -----
  +--> ?PR?LOG?LOG
  +--> ?PR?EXP?EXP

?PR?LOG?LOG                               0021H.7  0000H.1    0049H    0004H      -----    -----

?PR?SQRT?SQRT                             -----    -----      003FH    0004H      -----    -----

?PR?ASIN?ASIN                             -----    -----      -----    -----      -----    -----
  +--> ?PR?SQRT?SQRT
  +--> ?PR?ATAN?ATAN

?PR?ATAN?ATAN                             0021H.7  0000H.2    003FH    0004H      -----    -----

?PR?UART2_CALLBACK?GPS                    -----    -----      -----    -----      -----    -----
  +--> ?PR?_SEG7PRINT?DISPLAYER
  +--> ?PR?RTC_WRITE?DS1302
  +--> ?PR?CAL_DIS?GPS
  +--> ?PR?DISPLAY?GPS

?PR?_SETUART2RXD?UART2                    -----    -----      003FH    000AH      -----    -----
BL51 BANKED LINKER/LOCATER V6.22                                                      09/06/2024  00:02:55  PAGE 8



?PR?KEY_CALLBACK?GPS                      -----    -----      -----    -----      -----    -----
  +--> ?PR?_GETKEYACT?KEY
  +--> ?PR?_M24C02_WRITE?M24C02
  +--> ?PR?DELAY10MS?GPS

?PR?_M24C02_WRITE?M24C02                  -----    -----      -----    -----      -----    -----
  +--> ?PR?START?M24C02
  +--> ?PR?_WRITEBYTE?M24C02
  +--> ?PR?RESPONS?M24C02
  +--> ?PR?STOP?M24C02

?PR?RESPONS?M24C02                        -----    -----      -----    -----      -----    -----
  +--> ?PR?_WRITEBYTE?M24C02

?PR?NAV_CALLBACK?GPS                      -----    -----      -----    -----      -----    -----
  +--> ?PR?_GETADCNAVACT?ADC
  +--> ?PR?M24C02_INIT?GPS
  +--> ?PR?_M24C02_READ?M24C02
  +--> ?PR?_UART1PRINT?UART1
  +--> ?PR?_M24C02_WRITE?M24C02
  +--> ?PR?_SETPLAYERMODE?MUSIC
  +--> ?PR?DISPLAY?GPS

?PR?M24C02_INIT?GPS                       -----    -----      003FH    0002H      -----    -----
  +--> ?PR?_M24C02_WRITE?M24C02
  +--> ?PR?DELAY10MS?GPS

?PR?_M24C02_READ?M24C02                   -----    -----      -----    -----      -----    -----
  +--> ?PR?START?M24C02
  +--> ?PR?RESPONS?M24C02
  +--> ?PR?_WRITEBYTE?M24C02
  +--> ?PR?READBYTE?M24C02
  +--> ?PR?STOP?M24C02

?PR?MYSTC_INIT?SYS                        -----    -----      -----    -----      -----    -----
  +--> ?PR?SYS_TIMER0_INIT?SYS

?PR?SYS_TIMER0_INIT?SYS                   -----    -----      -----    -----      -----    -----
  +--> ?CO?GPS

?PR?MYSTC_OS?SYS                          -----    -----      -----    -----      -----    -----
  +--> ?PR?SYS_TASK_IR?SYS
  +--> ?PR?SYS_TASK_1MS?SYS
  +--> ?PR?SYS_TASK_10MS?SYS
  +--> ?PR?SYS_TASK_100MS?SYS
  +--> ?PR?SYS_TASK_1S?SYS

?C_INITSEG                                -----    -----      -----    -----      -----    -----
  +--> ?PR?_?NULLFUNC?SYS
  +--> ?PR?_?RET0FUNC?SYS



SYMBOL TABLE OF MODULE:  .\output\BSP_Demo (GPS)

  VALUE           TYPE          NAME
BL51 BANKED LINKER/LOCATER V6.22                                                      09/06/2024  00:02:55  PAGE 9


  ----------------------------------

  -------         MODULE        GPS
  C:0000H         SYMBOL        _ICE_DUMMY_
  X:0000H         PUBLIC        trycode
  D:0080H         PUBLIC        P0
  D:0090H         PUBLIC        P1
  D:00A0H         PUBLIC        P2
  C:1725H         PUBLIC        uart1_callback
  D:00B0H         PUBLIC        P3
  C:1955H         PUBLIC        uart2_callback
  D:0023H         PUBLIC        xlat_h
  D:00C0H         PUBLIC        P4
  D:00C8H         PUBLIC        P5
  D:0024H         PUBLIC        weixuan
  D:00E8H         PUBLIC        P6
  D:00F8H         PUBLIC        P7
  D:0025H         PUBLIC        xlat_m
  D:0026H         PUBLIC        lat_h
  D:0027H         PUBLIC        xlon_h
  D:00A8H         PUBLIC        IE
  D:0028H         PUBLIC        xlat_s
  D:0029H         PUBLIC        lat_m
  X:0002H         PUBLIC        uart2_buf
  C:3672H         PUBLIC        alarm
  D:002AH         PUBLIC        xlon_m
  D:002BH         PUBLIC        lon_h
  D:002CH         PUBLIC        lat_s
  D:002DH         PUBLIC        xlon_s
  D:002EH         PUBLIC        lon_m
  D:00B8H         PUBLIC        IP
  D:002FH         PUBLIC        lon_s
  D:00D8H         PUBLIC        CCON
  C:3680H         PUBLIC        matchhead
  C:2C2CH         PUBLIC        main
  D:0030H         PUBLIC        lock_flag
  D:0031H         PUBLIC        status
  D:0032H         PUBLIC        point_addr
  C:3648H         PUBLIC        SysClock
  D:0033H         PUBLIC        time
  X:004AH         PUBLIC        safety_dis
  D:0098H         PUBLIC        SCON
  C:3B6EH         PUBLIC        Delay10ms
  D:0088H         PUBLIC        TCON
  X:004CH         PUBLIC        code_temp
  X:004EH         PUBLIC        buf
  X:0096H         PUBLIC        dis
  D:003AH         PUBLIC        zdot
  X:0098H         PUBLIC        lockcode
  X:009AH         PUBLIC        send_buf
  C:394EH         PUBLIC        M24C02_Init
  C:14ADH         PUBLIC        cal_dis
  C:364CH         PUBLIC        decode_table
  C:3AF9H         PUBLIC        vib_callback
  C:0826H         PUBLIC        nav_callback
  D:003BH         PUBLIC        hour_temp
  X:00ADH         PUBLIC        dis_temp
BL51 BANKED LINKER/LOCATER V6.22                                                      09/06/2024  00:02:55  PAGE 10


  C:2B44H         PUBLIC        key_callback
  D:003CH         PUBLIC        automode
  D:003EH         PUBLIC        i
  B:0022H.1       PUBLIC        lon_lat
  C:381DH         PUBLIC        _radian
  C:0D8AH         PUBLIC        display
  D:00D0H         PUBLIC        PSW
  -------         PROC          DELAY10MS
  -------         DO            
  D:0007H         SYMBOL        i
  D:0006H         SYMBOL        j
  -------         ENDDO         
  C:3B6EH         LINE#         77
  C:3B6EH         LINE#         78
  C:3B6EH         LINE#         81
  C:3B70H         LINE#         82
  C:3B72H         LINE#         84
  C:3B72H         LINE#         85
  C:3B74H         LINE#         86
  C:3B76H         LINE#         87
  -------         ENDPROC       DELAY10MS
  -------         PROC          M24C02_INIT
  -------         DO            
  D:003FH         SYMBOL        a
  -------         ENDDO         
  C:394EH         LINE#         90
  C:394EH         LINE#         91
  C:3953H         LINE#         92
  C:3953H         LINE#         93
  C:395AH         LINE#         94
  C:395DH         LINE#         95
  C:396EH         LINE#         96
  -------         ENDPROC       M24C02_INIT
  -------         PROC          VIB_CALLBACK
  C:3AF9H         LINE#         99
  C:3AF9H         LINE#         100
  C:3AFFH         LINE#         101
  C:3B03H         LINE#         102
  C:3B03H         LINE#         103
  C:3B06H         LINE#         104
  -------         ENDPROC       VIB_CALLBACK
  -------         PROC          UART1_CALLBACK
  C:1725H         LINE#         106
  C:1725H         LINE#         107
  C:1725H         LINE#         109
  C:172EH         LINE#         111
  C:1741H         LINE#         112
  C:1751H         LINE#         113
  C:1756H         LINE#         114
  C:175CH         LINE#         115
  C:1771H         LINE#         116
  C:1782H         LINE#         117
  C:1791H         LINE#         118
  C:17BEH         LINE#         120
  C:17D4H         LINE#         121
  C:17D7H         LINE#         125
  C:17E9H         LINE#         126
BL51 BANKED LINKER/LOCATER V6.22                                                      09/06/2024  00:02:55  PAGE 11


  C:17F9H         LINE#         127
  C:1875H         LINE#         128
  C:1895H         LINE#         129
  C:18A5H         LINE#         130
  C:1921H         LINE#         133
  C:192CH         LINE#         134
  C:1937H         LINE#         136
  C:1951H         LINE#         137
  C:1954H         LINE#         139
  C:1954H         LINE#         142
  -------         ENDPROC       UART1_CALLBACK
  -------         PROC          UART2_CALLBACK
  C:1955H         LINE#         143
  C:1955H         LINE#         144
  C:1960H         LINE#         146
  C:1970H         LINE#         147
  C:1975H         LINE#         148
  C:197BH         LINE#         149
  C:1990H         LINE#         150
  C:19A1H         LINE#         151
  C:19B0H         LINE#         152
  C:19DDH         LINE#         153
  C:19F3H         LINE#         157
  C:1A05H         LINE#         158
  C:1A15H         LINE#         159
  C:1A91H         LINE#         160
  C:1AB1H         LINE#         161
  C:1AC1H         LINE#         162
  C:1B3DH         LINE#         165
  C:1B48H         LINE#         166
  C:1B53H         LINE#         168
  C:1B6DH         LINE#         169
  C:1B70H         LINE#         170
  C:1B73H         LINE#         171
  C:1B73H         LINE#         172
  -------         ENDPROC       UART2_CALLBACK
  -------         PROC          KEY_CALLBACK
  C:2B44H         LINE#         173
  C:2B44H         LINE#         176
  C:2B4CH         LINE#         177
  C:2B5BH         LINE#         178
  C:2B5EH         LINE#         179
  C:2B60H         LINE#         180
  C:2B60H         LINE#         181
  C:2B65H         LINE#         182
  C:2B65H         LINE#         183
  C:2B65H         LINE#         186
  C:2B6DH         LINE#         187
  C:2B75H         LINE#         188
  C:2B78H         LINE#         189
  C:2B78H         LINE#         190
  C:2B78H         LINE#         192
  C:2B80H         LINE#         193
  C:2B8DH         LINE#         195
  C:2B94H         LINE#         196
  C:2B97H         LINE#         198
  C:2BA0H         LINE#         199
BL51 BANKED LINKER/LOCATER V6.22                                                      09/06/2024  00:02:55  PAGE 12


  C:2BA3H         LINE#         201
  C:2BADH         LINE#         202
  C:2BB0H         LINE#         204
  C:2BBAH         LINE#         205
  C:2BBDH         LINE#         207
  C:2BC7H         LINE#         208
  C:2BCAH         LINE#         210
  C:2BD4H         LINE#         211
  C:2BD7H         LINE#         213
  C:2BDDH         LINE#         214
  C:2BE6H         LINE#         215
  C:2BE6H         LINE#         216
  C:2BE7H         LINE#         219
  C:2BEFH         LINE#         220
  C:2BF9H         LINE#         221
  C:2BFCH         LINE#         222
  C:2BFDH         LINE#         225
  C:2C05H         LINE#         226
  C:2C0DH         LINE#         227
  C:2C12H         LINE#         228
  C:2C16H         LINE#         229
  C:2C16H         LINE#         230
  C:2C19H         LINE#         232
  C:2C2BH         LINE#         238
  C:2C2BH         LINE#         239
  C:2C2BH         LINE#         240
  C:2C2BH         LINE#         242
  -------         ENDPROC       KEY_CALLBACK
  -------         PROC          NAV_CALLBACK
  C:0826H         LINE#         243
  C:0826H         LINE#         245
  C:082EH         LINE#         246
  C:0836H         LINE#         247
  C:083BH         LINE#         248
  C:083EH         LINE#         249
  C:083EH         LINE#         250
  C:083EH         LINE#         251
  C:0846H         LINE#         252
  C:084EH         LINE#         253
  C:0851H         LINE#         255
  C:0851H         LINE#         256
  C:0859H         LINE#         257
  C:085FH         LINE#         258
  C:085FH         LINE#         259
  C:0867H         LINE#         260
  C:086CH         LINE#         261
  C:086CH         LINE#         262
  C:086CH         LINE#         264
  C:0877H         LINE#         265
  C:0889H         LINE#         266
  C:088EH         LINE#         267
  C:0896H         LINE#         268
  C:089AH         LINE#         269
  C:089AH         LINE#         270
  C:089CH         LINE#         271
  C:08A4H         LINE#         272
  C:08B2H         LINE#         273
BL51 BANKED LINKER/LOCATER V6.22                                                      09/06/2024  00:02:55  PAGE 13


  C:08BBH         LINE#         274
  C:08BEH         LINE#         275
  C:08CBH         LINE#         276
  C:08D2H         LINE#         277
  C:08EEH         LINE#         281
  C:08F7H         LINE#         282
  C:0913H         LINE#         286
  C:091DH         LINE#         287
  C:0939H         LINE#         291
  C:0943H         LINE#         292
  C:096FH         LINE#         297
  C:0979H         LINE#         298
  C:0995H         LINE#         302
  C:099FH         LINE#         303
  C:09BBH         LINE#         307
  C:09C8H         LINE#         308
  C:09C8H         LINE#         309
  C:09CBH         LINE#         312
  C:09D6H         LINE#         314
  C:09DCH         LINE#         315
  C:09E6H         LINE#         316
  C:09EAH         LINE#         317
  C:09EDH         LINE#         318
  C:09F4H         LINE#         319
  C:0A06H         LINE#         325
  C:0A0DH         LINE#         326
  C:0A0FH         LINE#         328
  C:0A12H         LINE#         329
  C:0A12H         LINE#         330
  C:0A12H         LINE#         331
  C:0A1AH         LINE#         332
  C:0A1DH         LINE#         335
  C:0A26H         LINE#         336
  C:0A2EH         LINE#         337
  C:0A36H         LINE#         338
  C:0A3BH         LINE#         339
  C:0A3BH         LINE#         340
  C:0A3EH         LINE#         341
  C:0A46H         LINE#         342
  C:0A4CH         LINE#         343
  C:0A51H         LINE#         344
  C:0A51H         LINE#         346
  C:0A54H         LINE#         347
  C:0A5EH         LINE#         348
  C:0A9CH         LINE#         349
  C:0AACH         LINE#         350
  C:0AACH         LINE#         352
  C:0AAFH         LINE#         353
  C:0AB9H         LINE#         354
  C:0AFCH         LINE#         355
  C:0B05H         LINE#         356
  C:0B09H         LINE#         357
  C:0B0CH         LINE#         358
  C:0B19H         LINE#         359
  C:0B29H         LINE#         360
  C:0B2CH         LINE#         361
  C:0B2CH         LINE#         362
BL51 BANKED LINKER/LOCATER V6.22                                                      09/06/2024  00:02:55  PAGE 14


  C:0B2CH         LINE#         363
  C:0B2FH         LINE#         366
  C:0B38H         LINE#         367
  C:0B40H         LINE#         368
  C:0B48H         LINE#         369
  C:0B4DH         LINE#         370
  C:0B4DH         LINE#         371
  C:0B50H         LINE#         372
  C:0B58H         LINE#         373
  C:0B5EH         LINE#         374
  C:0B63H         LINE#         375
  C:0B63H         LINE#         377
  C:0B66H         LINE#         378
  C:0B70H         LINE#         379
  C:0BAEH         LINE#         380
  C:0BBEH         LINE#         381
  C:0BBFH         LINE#         383
  C:0BC2H         LINE#         384
  C:0BCCH         LINE#         385
  C:0C0FH         LINE#         386
  C:0C18H         LINE#         387
  C:0C1CH         LINE#         388
  C:0C1FH         LINE#         389
  C:0C2CH         LINE#         390
  C:0C3CH         LINE#         391
  C:0C42H         LINE#         392
  C:0C45H         LINE#         393
  C:0C45H         LINE#         402
  C:0C48H         LINE#         405
  C:0C51H         LINE#         406
  C:0C59H         LINE#         407
  C:0C61H         LINE#         408
  C:0C66H         LINE#         409
  C:0C66H         LINE#         410
  C:0C68H         LINE#         411
  C:0C70H         LINE#         412
  C:0C76H         LINE#         413
  C:0C7BH         LINE#         414
  C:0C7EH         LINE#         416
  C:0C81H         LINE#         417
  C:0C8BH         LINE#         418
  C:0CC9H         LINE#         419
  C:0CD9H         LINE#         420
  C:0CDAH         LINE#         422
  C:0CDDH         LINE#         423
  C:0CE7H         LINE#         424
  C:0D2AH         LINE#         425
  C:0D30H         LINE#         426
  C:0D34H         LINE#         427
  C:0D36H         LINE#         428
  C:0D40H         LINE#         429
  C:0D54H         LINE#         430
  C:0D56H         LINE#         431
  C:0D5BH         LINE#         432
  C:0D62H         LINE#         433
  C:0D65H         LINE#         434
  C:0D6CH         LINE#         435
BL51 BANKED LINKER/LOCATER V6.22                                                      09/06/2024  00:02:55  PAGE 15


  C:0D6CH         LINE#         436
  C:0D6CH         LINE#         437
  C:0D6CH         LINE#         438
  C:0D6EH         LINE#         441
  C:0D73H         LINE#         442
  C:0D85H         LINE#         443
  C:0D87H         LINE#         444
  C:0D87H         LINE#         447
  -------         ENDPROC       NAV_CALLBACK
  -------         PROC          DISPLAY
  C:0D8AH         LINE#         449
  C:0D8AH         LINE#         451
  C:0D8FH         LINE#         452
  C:0D9AH         LINE#         453
  C:0D9AH         LINE#         455
  C:0DA2H         LINE#         456
  C:0DB2H         LINE#         457
  C:0DDFH         LINE#         458
  C:0DDFH         LINE#         460
  C:0DE7H         LINE#         461
  C:0DFAH         LINE#         462
  C:0DFDH         LINE#         465
  C:0E0EH         LINE#         466
  C:0E11H         LINE#         467
  C:0E64H         LINE#         468
  C:0E67H         LINE#         469
  C:0E67H         LINE#         470
  C:0EACH         LINE#         471
  C:0EACH         LINE#         472
  C:0EAFH         LINE#         475
  C:0EBAH         LINE#         476
  C:0EC0H         LINE#         477
  C:0EC4H         LINE#         478
  C:0EDBH         LINE#         480
  C:0EF0H         LINE#         482
  C:0EF3H         LINE#         483
  C:0EFCH         LINE#         484
  C:0F88H         LINE#         485
  C:0F8BH         LINE#         486
  C:0F94H         LINE#         487
  C:1020H         LINE#         490
  C:1023H         LINE#         491
  C:102CH         LINE#         492
  C:10B8H         LINE#         493
  C:10B8H         LINE#         494
  C:10BBH         LINE#         497
  C:10C4H         LINE#         498
  C:1188H         LINE#         499
  C:1188H         LINE#         503
  C:118DH         LINE#         505
  C:1192H         LINE#         507
  C:11A8H         LINE#         508
  C:11ADH         LINE#         510
  C:11AFH         LINE#         511
  C:11AFH         LINE#         513
  C:11B2H         LINE#         514
  C:11B2H         LINE#         515
BL51 BANKED LINKER/LOCATER V6.22                                                      09/06/2024  00:02:55  PAGE 16


  C:11B2H         LINE#         517
  -------         ENDPROC       DISPLAY
  -------         PROC          L?0168
  -------         ENDPROC       L?0168
  -------         PROC          _RADIAN
  D:003FH         SYMBOL        angle
  C:381DH         LINE#         519
  C:3825H         LINE#         520
  C:3842H         LINE#         521
  -------         ENDPROC       _RADIAN
  -------         PROC          CAL_DIS
  -------         DO            
  X:013BH         SYMBOL        X1
  X:013FH         SYMBOL        Y1
  X:0143H         SYMBOL        X2
  X:0147H         SYMBOL        Y2
  X:014BH         SYMBOL        res
  X:014FH         SYMBOL        a
  X:0153H         SYMBOL        b
  -------         ENDDO         
  C:14ADH         LINE#         522
  C:14ADH         LINE#         526
  C:1500H         LINE#         527
  C:1553H         LINE#         528
  C:15A9H         LINE#         529
  C:15FFH         LINE#         530
  C:1624H         LINE#         531
  C:1649H         LINE#         532
  C:1709H         LINE#         533
  C:1724H         LINE#         534
  -------         ENDPROC       CAL_DIS
  -------         PROC          MAIN
  C:2C2CH         LINE#         537
  C:2C2CH         LINE#         538
  C:2C31H         LINE#         539
  C:2C34H         LINE#         540
  C:2C37H         LINE#         541
  C:2C4DH         LINE#         542
  C:2C52H         LINE#         543
  C:2C55H         LINE#         544
  C:2C58H         LINE#         545
  C:2C5BH         LINE#         547
  C:2C62H         LINE#         548
  C:2C67H         LINE#         549
  C:2C72H         LINE#         550
  C:2C7EH         LINE#         552
  C:2C9AH         LINE#         553
  C:2CA5H         LINE#         555
  C:2CB0H         LINE#         556
  C:2CCCH         LINE#         560
  C:2CD7H         LINE#         561
  C:2CE2H         LINE#         562
  C:2CEDH         LINE#         563
  C:2CF0H         LINE#         564
  C:2CF0H         LINE#         565
  C:2CF0H         LINE#         566
  C:2CF3H         LINE#         567
BL51 BANKED LINKER/LOCATER V6.22                                                      09/06/2024  00:02:55  PAGE 17


  -------         ENDPROC       MAIN
  -------         ENDMOD        GPS

  -------         MODULE        ADC
  C:0000H         SYMBOL        _ICE_DUMMY_
  D:0080H         PUBLIC        P0
  D:0090H         PUBLIC        P1
  D:00A0H         PUBLIC        P2
  C:3B07H         PUBLIC        _?sys_get_KNEvent
  D:001AH         PUBLIC        sys_EXTADCEvent
  D:00B0H         PUBLIC        P3
  D:00C0H         PUBLIC        P4
  D:00C8H         PUBLIC        P5
  D:00E8H         PUBLIC        P6
  D:00F8H         PUBLIC        P7
  B:00A8H.5       PUBLIC        EADC
  D:00A8H         PUBLIC        IE
  D:00BDH         PUBLIC        ADC_RES
  D:00B8H         PUBLIC        IP
  D:0097H         PUBLIC        CLK_DIV
  C:36FFH         PUBLIC        _AdcInit
  D:00D8H         PUBLIC        CCON
  C:3B15H         PUBLIC        _?sys_get_EXTADCEvent
  X:011FH         PUBLIC        AD_res
  D:00BCH         PUBLIC        ADC_CONTR
  D:0098H         PUBLIC        SCON
  D:0088H         PUBLIC        TCON
  C:1D46H         PUBLIC        _?sys_ADC_drv
  B:0022H.2       PUBLIC        flag_ADC
  X:0129H         PUBLIC        sys_KN
  D:009DH         PUBLIC        P1ASF
  D:001BH         PUBLIC        sys_KNEvent
  D:00BEH         PUBLIC        ADC_RESL
  C:0003H         PUBLIC        GetADC
  C:353FH         PUBLIC        _GetAdcNavAct
  C:3BA9H         PUBLIC        ADC_isr
  D:00D0H         PUBLIC        PSW
  -------         PROC          ADC_ISR
  C:3BA9H         LINE#         26
  C:3BA9H         LINE#         27
  C:3BACH         LINE#         28
  C:3BAEH         LINE#         29
  -------         ENDPROC       ADC_ISR
  -------         PROC          _?SYS_ADC_DRV
  -------         DO            
  X:011DH         SYMBOL        pc
  X:011EH         SYMBOL        counter
  i:0000H         SYMBOL        i
  C:3B77H         SYMBOL        ADC_ch
  -------         ENDDO         
  C:1D46H         LINE#         31
  C:1D48H         LINE#         35
  C:1D4EH         LINE#         36
  C:1D50H         LINE#         37
  C:1D7EH         LINE#         38
  C:1D7EH         LINE#         39
  C:1D7EH         LINE#         40
BL51 BANKED LINKER/LOCATER V6.22                                                      09/06/2024  00:02:55  PAGE 18


  C:1D8EH         LINE#         41
  C:1D90H         LINE#         42
  C:1D90H         LINE#         43
  C:1D90H         LINE#         44
  C:1DA4H         LINE#         45
  C:1DA7H         LINE#         46
  C:1DAAH         LINE#         47
  C:1DBAH         LINE#         48
  C:1DBCH         LINE#         49
  C:1DD0H         LINE#         50
  C:1DD3H         LINE#         51
  C:1DE7H         LINE#         52
  C:1DFAH         LINE#         53
  C:1E12H         LINE#         54
  C:1E1DH         LINE#         55
  C:1E20H         LINE#         56
  C:1E30H         LINE#         57
  C:1E44H         LINE#         58
  C:1E59H         LINE#         59
  C:1E6AH         LINE#         60
  C:1E6CH         LINE#         61
  C:1E6CH         LINE#         62
  C:1E6EH         LINE#         64
  C:1E85H         LINE#         65
  C:1E96H         LINE#         66
  C:1E99H         LINE#         67
  C:1E99H         LINE#         68
  C:1E99H         LINE#         69
  C:1EBCH         LINE#         70
  C:1ECDH         LINE#         71
  C:1ED1H         LINE#         72
  C:1ED1H         LINE#         73
  C:1ED1H         LINE#         74
  C:1ED7H         LINE#         75
  C:1ED7H         LINE#         76
  C:1ED7H         LINE#         77
  C:1EE3H         LINE#         78
  C:1EEFH         LINE#         79
  C:1EEFH         LINE#         80
  -------         ENDPROC       _?SYS_ADC_DRV
  -------         PROC          _?SYS_GET_KNEVENT
  -------         DO            
  i:0000H         SYMBOL        a
  -------         ENDDO         
  C:3B07H         LINE#         82
  C:3B09H         LINE#         84
  C:3B0DH         LINE#         85
  C:3B10H         LINE#         86
  C:3B12H         LINE#         87
  -------         ENDPROC       _?SYS_GET_KNEVENT
  -------         PROC          _?SYS_GET_EXTADCEVENT
  -------         DO            
  i:0000H         SYMBOL        a
  -------         ENDDO         
  C:3B15H         LINE#         89
  C:3B17H         LINE#         91
  C:3B1BH         LINE#         92
BL51 BANKED LINKER/LOCATER V6.22                                                      09/06/2024  00:02:55  PAGE 19


  C:3B1EH         LINE#         93
  C:3B20H         LINE#         94
  -------         ENDPROC       _?SYS_GET_EXTADCEVENT
  -------         PROC          _ADCINIT
  D:0007H         SYMBOL        ADCsel
  C:36FFH         LINE#         96
  C:36FFH         LINE#         97
  C:36FFH         LINE#         98
  C:3701H         LINE#         99
  C:3704H         LINE#         100
  C:3707H         LINE#         101
  C:3709H         LINE#         102
  C:3717H         LINE#         103
  C:3723H         LINE#         104
  C:372FH         LINE#         105
  -------         ENDPROC       _ADCINIT
  -------         PROC          GETADC
  C:0003H         LINE#         107
  C:0003H         LINE#         108
  C:0009H         LINE#         109
  -------         ENDPROC       GETADC
  -------         PROC          _GETADCNAVACT
  D:0007H         SYMBOL        Nav_button
  -------         DO            
  D:0006H         SYMBOL        a
  -------         ENDDO         
  C:353FH         LINE#         111
  C:353FH         LINE#         112
  C:353FH         LINE#         113
  C:354FH         LINE#         114
  C:356AH         LINE#         115
  C:357FH         LINE#         116
  C:3582H         LINE#         117
  C:3582H         LINE#         118
  C:3584H         LINE#         119
  -------         ENDPROC       _GETADCNAVACT
  -------         ENDMOD        ADC

  -------         MODULE        BEEP
  C:0000H         SYMBOL        _ICE_DUMMY_
  D:0080H         PUBLIC        P0
  D:00B2H         PUBLIC        P3M0
  D:0090H         PUBLIC        P1
  D:00B1H         PUBLIC        P3M1
  D:00A0H         PUBLIC        P2
  D:00B0H         PUBLIC        P3
  D:00C0H         PUBLIC        P4
  D:00C8H         PUBLIC        P5
  D:00E8H         PUBLIC        P6
  D:00F8H         PUBLIC        P7
  D:00F9H         PUBLIC        CH
  C:386CH         PUBLIC        _?sys_beep_drv
  D:00A8H         PUBLIC        IE
  D:00E9H         PUBLIC        CL
  C:396FH         PUBLIC        BeepInit
  B:00D8H.6       PUBLIC        CR
  D:00DAH         PUBLIC        CCAPM0
BL51 BANKED LINKER/LOCATER V6.22                                                      09/06/2024  00:02:55  PAGE 20


  D:00B8H         PUBLIC        IP
  D:00D9H         PUBLIC        CMOD
  D:00D8H         PUBLIC        CCON
  C:3B4CH         PUBLIC        GetBeepStatus
  C:330CH         PUBLIC        _SetBeep
  D:0098H         PUBLIC        SCON
  D:0088H         PUBLIC        TCON
  D:00D0H         PUBLIC        PSW
  B:00D8H.0       PUBLIC        CCF0
  -------         PROC          _?SYS_BEEP_DRV
  -------         DO            
  i:0000H         SYMBOL        a
  -------         ENDDO         
  C:386CH         LINE#         11
  C:3870H         LINE#         13
  C:387AH         LINE#         14
  C:388FH         LINE#         15
  -------         ENDPROC       _?SYS_BEEP_DRV
  -------         PROC          BEEPINIT
  C:396FH         LINE#         17
  C:396FH         LINE#         18
  C:396FH         LINE#         19
  C:3972H         LINE#         20
  C:3975H         LINE#         21
  C:3978H         LINE#         22
  C:397BH         LINE#         23
  C:397EH         LINE#         24
  C:3980H         LINE#         25
  C:398EH         LINE#         26
  -------         ENDPROC       BEEPINIT
  -------         PROC          _SETBEEP
  D:0045H         SYMBOL        Beep_freq
  D:0047H         SYMBOL        Beep_time
  -------         DO            
  D:0002H         SYMBOL        a
  D:0004H         SYMBOL        b
  -------         ENDDO         
  C:330CH         LINE#         28
  C:3314H         LINE#         29
  C:3314H         LINE#         31
  C:331BH         LINE#         32
  C:3322H         LINE#         33
  C:332DH         LINE#         34
  C:3356H         LINE#         35
  C:336AH         LINE#         36
  C:3371H         LINE#         37
  C:3373H         LINE#         38
  C:3376H         LINE#         39
  C:3378H         LINE#         41
  C:337BH         LINE#         42
  C:337EH         LINE#         43
  C:337EH         LINE#         44
  C:3381H         LINE#         45
  C:3381H         LINE#         46
  C:3383H         LINE#         47
  -------         ENDPROC       _SETBEEP
  -------         PROC          GETBEEPSTATUS
BL51 BANKED LINKER/LOCATER V6.22                                                      09/06/2024  00:02:55  PAGE 21


  C:3B4CH         LINE#         49
  C:3B4CH         LINE#         50
  C:3B55H         LINE#         51
  C:3B57H         LINE#         52
  -------         ENDPROC       GETBEEPSTATUS
  -------         ENDMOD        BEEP

  -------         MODULE        DISPLAYER
  C:0000H         SYMBOL        _ICE_DUMMY_
  D:0093H         PUBLIC        P0M1
  D:0096H         PUBLIC        P2M0
  D:0080H         PUBLIC        P0
  D:0095H         PUBLIC        P2M1
  D:0090H         PUBLIC        P1
  D:00A0H         PUBLIC        P2
  D:00B0H         PUBLIC        P3
  D:00C0H         PUBLIC        P4
  D:00C8H         PUBLIC        P5
  D:00E8H         PUBLIC        P6
  D:00F8H         PUBLIC        P7
  D:00A8H         PUBLIC        IE
  D:00B8H         PUBLIC        IP
  D:00D8H         PUBLIC        CCON
  C:3BAFH         PUBLIC        _LedPrint
  B:00A0H.0       PUBLIC        P20
  B:00A0H.1       PUBLIC        P21
  D:0098H         PUBLIC        SCON
  B:00A0H.2       PUBLIC        P22
  D:0088H         PUBLIC        TCON
  B:00A0H.3       PUBLIC        P23
  C:3A25H         PUBLIC        DisplayerInit
  X:0191H         PUBLIC        sys_Disp
  C:3B80H         PUBLIC        _SetDisplayerArea
  C:398FH         PUBLIC        _Seg7Print
  C:2A5BH         PUBLIC        _?sys_display_drv
  D:00D0H         PUBLIC        PSW
  D:0094H         PUBLIC        P0M0
  -------         PROC          _?SYS_DISPLAY_DRV
  C:2A5BH         LINE#         16
  C:2A5BH         LINE#         18
  C:2A5EH         LINE#         19
  C:2A87H         LINE#         20
  C:2A8DH         LINE#         21
  C:2A93H         LINE#         22
  C:2A99H         LINE#         23
  C:2A9FH         LINE#         24
  C:2AA9H         LINE#         25
  C:2AB3H         LINE#         26
  C:2ABDH         LINE#         27
  C:2AC7H         LINE#         28
  C:2AC9H         LINE#         29
  C:2AC9H         LINE#         30
  C:2AD1H         LINE#         31
  C:2AFAH         LINE#         33
  C:2B15H         LINE#         34
  C:2B18H         LINE#         35
  C:2B18H         LINE#         36
BL51 BANKED LINKER/LOCATER V6.22                                                      09/06/2024  00:02:55  PAGE 22


  C:2B2FH         LINE#         37
  C:2B3BH         LINE#         39
  C:2B43H         LINE#         40
  -------         ENDPROC       _?SYS_DISPLAY_DRV
  -------         PROC          DISPLAYERINIT
  C:3A25H         LINE#         42
  C:3A25H         LINE#         43
  C:3A25H         LINE#         44
  C:3A28H         LINE#         45
  C:3A2BH         LINE#         46
  C:3A2EH         LINE#         47
  C:3A31H         LINE#         48
  C:3A3FH         LINE#         49
  -------         ENDPROC       DISPLAYERINIT
  -------         PROC          _SETDISPLAYERAREA
  D:0007H         SYMBOL        Begin_of_scan
  D:0005H         SYMBOL        Ending_of_Scan
  C:3B80H         LINE#         51
  C:3B80H         LINE#         52
  C:3B85H         LINE#         53
  C:3B88H         LINE#         54
  -------         ENDPROC       _SETDISPLAYERAREA
  -------         PROC          _SEG7PRINT
  D:0007H         SYMBOL        d0
  D:0005H         SYMBOL        d1
  D:0003H         SYMBOL        d2
  D:0042H         SYMBOL        d3
  D:0043H         SYMBOL        d4
  D:0044H         SYMBOL        d5
  D:0045H         SYMBOL        d6
  D:0046H         SYMBOL        d7
  C:398FH         LINE#         56
  C:398FH         LINE#         57
  C:3994H         LINE#         58
  C:3997H         LINE#         59
  C:399AH         LINE#         60
  C:399EH         LINE#         61
  C:39A2H         LINE#         62
  C:39A6H         LINE#         63
  C:39AAH         LINE#         64
  C:39AEH         LINE#         65
  -------         ENDPROC       _SEG7PRINT
  -------         PROC          _LEDPRINT
  D:0007H         SYMBOL        led_val
  C:3BAFH         LINE#         67
  C:3BAFH         LINE#         68
  C:3BB4H         LINE#         69
  -------         ENDPROC       _LEDPRINT
  -------         ENDMOD        DISPLAYER

  -------         MODULE        KEY
  C:0000H         SYMBOL        _ICE_DUMMY_
  D:0080H         PUBLIC        P0
  D:0090H         PUBLIC        P1
  D:00A0H         PUBLIC        P2
  D:00B0H         PUBLIC        P3
  D:00C0H         PUBLIC        P4
BL51 BANKED LINKER/LOCATER V6.22                                                      09/06/2024  00:02:55  PAGE 23


  D:00C8H         PUBLIC        P5
  D:00E8H         PUBLIC        P6
  D:00F8H         PUBLIC        P7
  D:00A8H         PUBLIC        IE
  D:004DH         PUBLIC        sys_keyEvent
  D:00B8H         PUBLIC        IP
  D:00D8H         PUBLIC        CCON
  C:3B23H         PUBLIC        _?sys_get_keyEvent
  D:0098H         PUBLIC        SCON
  D:0088H         PUBLIC        TCON
  C:2636H         PUBLIC        _?sys_key_drv
  C:39CFH         PUBLIC        KeyInit
  B:00B0H.2       PUBLIC        IO_Key1
  B:00B0H.3       PUBLIC        IO_Key2
  B:0090H.7       PUBLIC        IO_Key3
  C:35C9H         PUBLIC        _GetKeyAct
  X:019EH         PUBLIC        sys_Key
  D:00D0H         PUBLIC        PSW
  -------         PROC          _?SYS_KEY_DRV
  -------         DO            
  i:0000H         SYMBOL        i
  X:019DH         SYMBOL        counter
  -------         ENDDO         
  C:2636H         LINE#         28
  C:2638H         LINE#         31
  C:2641H         LINE#         32
  C:264AH         LINE#         33
  C:2653H         LINE#         34
  C:265EH         LINE#         35
  C:2661H         LINE#         36
  C:2673H         LINE#         37
  C:2691H         LINE#         38
  C:26AAH         LINE#         39
  C:26C6H         LINE#         40
  C:26C8H         LINE#         41
  C:26C8H         LINE#         42
  C:26CAH         LINE#         44
  C:26EBH         LINE#         45
  C:2701H         LINE#         46
  C:2704H         LINE#         47
  C:2704H         LINE#         48
  C:2704H         LINE#         49
  C:2737H         LINE#         50
  C:2752H         LINE#         51
  C:2756H         LINE#         52
  C:2756H         LINE#         53
  -------         ENDPROC       _?SYS_KEY_DRV
  -------         PROC          _?SYS_GET_KEYEVENT
  -------         DO            
  i:0000H         SYMBOL        a
  -------         ENDDO         
  C:3B23H         LINE#         55
  C:3B25H         LINE#         57
  C:3B29H         LINE#         58
  C:3B2CH         LINE#         59
  C:3B2EH         LINE#         60
  -------         ENDPROC       _?SYS_GET_KEYEVENT
BL51 BANKED LINKER/LOCATER V6.22                                                      09/06/2024  00:02:55  PAGE 24


  -------         PROC          KEYINIT
  C:39CFH         LINE#         62
  C:39CFH         LINE#         63
  C:39CFH         LINE#         64
  C:39DDH         LINE#         65
  C:39EBH         LINE#         66
  -------         ENDPROC       KEYINIT
  -------         PROC          _GETKEYACT
  D:0007H         SYMBOL        Key
  -------         DO            
  D:0006H         SYMBOL        a
  -------         ENDDO         
  C:35C9H         LINE#         68
  C:35C9H         LINE#         69
  C:35C9H         LINE#         70
  C:35D3H         LINE#         71
  C:35EEH         LINE#         72
  C:3603H         LINE#         73
  C:3606H         LINE#         74
  C:3606H         LINE#         75
  C:3608H         LINE#         76
  -------         ENDPROC       _GETKEYACT
  -------         ENDMOD        KEY

  -------         MODULE        SYS
  C:0000H         SYMBOL        _ICE_DUMMY_
  X:00AFH         PUBLIC        count_1mS
  B:00D8H.2       PUBLIC        CCF2
  D:0080H         PUBLIC        P0
  B:0020H.1       PUBLIC        flag_1S
  D:0090H         PUBLIC        P1
  D:00A0H         PUBLIC        P2
  D:00B0H         PUBLIC        P3
  D:00C0H         PUBLIC        P4
  X:00B0H         PUBLIC        T1
  D:00C8H         PUBLIC        P5
  X:00B2H         PUBLIC        T2
  B:00A8H.7       PUBLIC        EA
  D:00E8H         PUBLIC        P6
  D:00F8H         PUBLIC        P7
  D:0009H         PUBLIC        IrDatNum
  B:00D8H.7       PUBLIC        CF
  B:0020H.2       PUBLIC        Ir_Coder
  B:0020H.3       PUBLIC        Ir_RxBusy
  D:00A8H         PUBLIC        IE
  B:0020H.4       PUBLIC        Ir_TxBusy
  X:00B4H         PUBLIC        userfunccall
  D:00FAH         PUBLIC        CCAP0H
  D:00FBH         PUBLIC        CCAP1H
  C:3204H         PUBLIC        sys_task_Ir
  D:000AH         PUBLIC        IrCount_j
  D:000BH         PUBLIC        IrRx_count
  D:000CH         PUBLIC        IrProtocol
  D:00EAH         PUBLIC        CCAP0L
  D:000DH         PUBLIC        IrTx_count
  D:00EBH         PUBLIC        CCAP1L
  D:00DAH         PUBLIC        CCAPM0
BL51 BANKED LINKER/LOCATER V6.22                                                      09/06/2024  00:02:55  PAGE 25


  D:00DBH         PUBLIC        CCAPM1
  D:000EH         PUBLIC        MainLoops
  D:00B8H         PUBLIC        IP
  B:00D0H.7       PUBLIC        CY
  B:0020H.5       PUBLIC        flag_10mS
  D:00D8H         PUBLIC        CCON
  C:3B89H         PUBLIC        GetBeepTimer
  C:34A6H         PUBLIC        sys_Timer0_isr
  C:328FH         PUBLIC        _SetEventCallBack
  C:3BB5H         PUBLIC        MySTC_Init
  C:3609H         PUBLIC        sys_task_100mS
  D:0012H         PUBLIC        ModBus_interval_time
  C:0026H         PUBLIC        _?ret0func
  C:3453H         PUBLIC        GetUltraSonic
  X:00D8H         PUBLIC        count_10mS
  X:00D9H         PUBLIC        stcDrivers
  C:3B92H         PUBLIC        _SetBeepTimer
  B:0020H.6       PUBLIC        flag_IrRxFinished
  D:0098H         PUBLIC        SCON
  C:3A9CH         PUBLIC        _SetCCP0
  C:3686H         PUBLIC        MySTC_OS
  D:0089H         PUBLIC        TMOD
  D:0088H         PUBLIC        TCON
  B:0020H.7       PUBLIC        flag_Ir
  B:00B0H.5       PUBLIC        P35
  D:0013H         PUBLIC        IrRxNum
  X:010FH         PUBLIC        SysPerformance
  D:008EH         PUBLIC        AUXR
  C:2EFEH         PUBLIC        sys_CCP_isr
  C:296EH         PUBLIC        sys_task_1mS
  B:00A8H.1       PUBLIC        ET0
  C:003EH         PUBLIC        ClrBeepPin
  D:008CH         PUBLIC        TH0
  B:0021H.0       PUBLIC        flag_100mS
  X:0114H         PUBLIC        distance
  D:008AH         PUBLIC        TL0
  D:0014H         PUBLIC        PollingMisses
  X:0116H         PUBLIC        sys_BP
  B:0088H.4       PUBLIC        TR0
  C:37EFH         PUBLIC        sys_task_1S
  C:3B9BH         PUBLIC        GetSysPerformance
  B:0021H.1       PUBLIC        matchModBus
  X:011CH         PUBLIC        count_100mS
  B:0021H.2       PUBLIC        Ir_BitBusy
  D:0015H         PUBLIC        IrDat_count
  D:0016H         PUBLIC        IrMute_count
  B:0021H.3       PUBLIC        newFrame1
  C:34F8H         PUBLIC        sys_Timer0_Init
  B:0021H.4       PUBLIC        newFrame2
  D:0017H         PUBLIC        IrDataPc
  C:000AH         PUBLIC        _?nullfunc
  B:0021H.5       PUBLIC        flag_1mS
  B:0021H.6       PUBLIC        newUS
  D:008FH         PUBLIC        INT_CLKO
  C:30E5H         PUBLIC        sys_task_10mS
  D:00D0H         PUBLIC        PSW
  B:00D8H.0       PUBLIC        CCF0
BL51 BANKED LINKER/LOCATER V6.22                                                      09/06/2024  00:02:55  PAGE 26


  B:00B0H.4       PUBLIC        Beep
  B:00D8H.1       PUBLIC        CCF1
  -------         PROC          _?NULLFUNC
  C:000AH         LINE#         13
  -------         ENDPROC       _?NULLFUNC
  -------         PROC          _?RET0FUNC
  C:0026H         LINE#         14
  -------         ENDPROC       _?RET0FUNC
  -------         PROC          SYS_TIMER0_INIT
  C:34F8H         LINE#         96
  C:34F8H         LINE#         97
  C:34FBH         LINE#         98
  C:34FEH         LINE#         99
  C:3514H         LINE#         100
  C:353AH         LINE#         101
  C:353CH         LINE#         102
  C:353EH         LINE#         103
  -------         ENDPROC       SYS_TIMER0_INIT
  -------         PROC          SYS_TIMER0_ISR
  -------         DO            
  D:0008H         SYMBOL        i
  -------         ENDDO         
  C:34A6H         LINE#         105
  C:34AAH         LINE#         107
  C:34ADH         LINE#         108
  C:34B0H         LINE#         109
  C:34B5H         LINE#         110
  C:34B7H         LINE#         111
  C:34B7H         LINE#         112
  C:34BDH         LINE#         113
  C:34C3H         LINE#         114
  C:34C6H         LINE#         115
  C:34C8H         LINE#         116
  C:34CBH         LINE#         117
  C:34CFH         LINE#         118
  C:34D1H         LINE#         119
  C:34D4H         LINE#         120
  C:34D6H         LINE#         122
  C:34D9H         LINE#         123
  C:34DBH         LINE#         124
  C:34E0H         LINE#         125
  C:34E0H         LINE#         126
  C:34E2H         LINE#         128
  C:34EBH         LINE#         129
  C:34EDH         LINE#         130
  C:34F3H         LINE#         131
  C:34F3H         LINE#         132
  C:34F3H         LINE#         133
  C:34F3H         LINE#         134
  -------         ENDPROC       SYS_TIMER0_ISR
  -------         PROC          GETULTRASONIC
  -------         DO            
  D:001CH         SYMBOL        a
  -------         ENDDO         
  C:3453H         LINE#         138
  C:3453H         LINE#         139
  C:3453H         LINE#         140
BL51 BANKED LINKER/LOCATER V6.22                                                      09/06/2024  00:02:55  PAGE 27


  C:3456H         LINE#         141
  C:3458H         LINE#         142
  C:3467H         LINE#         143
  C:349DH         LINE#         144
  C:349DH         LINE#         145
  C:34A5H         LINE#         146
  -------         ENDPROC       GETULTRASONIC
  -------         PROC          GETBEEPTIMER
  C:3B89H         LINE#         148
  C:3B89H         LINE#         149
  C:3B91H         LINE#         150
  -------         ENDPROC       GETBEEPTIMER
  -------         PROC          _SETBEEPTIMER
  D:0006H         SYMBOL        a
  C:3B92H         LINE#         152
  C:3B92H         LINE#         153
  C:3B9AH         LINE#         154
  -------         ENDPROC       _SETBEEPTIMER
  -------         PROC          _SETCCP0
  D:0006H         SYMBOL        step
  D:0004H         SYMBOL        next
  C:3A9CH         LINE#         156
  C:3A9CH         LINE#         157
  C:3AA4H         LINE#         158
  C:3AACH         LINE#         159
  -------         ENDPROC       _SETCCP0
  -------         PROC          CLRBEEPPIN
  C:003EH         LINE#         161
  C:003EH         LINE#         162
  C:0040H         LINE#         163
  -------         ENDPROC       CLRBEEPPIN
  -------         PROC          SYS_CCP_ISR
  -------         DO            
  B:0020H.0       SYMBOL        a
  -------         ENDDO         
  C:2EFEH         LINE#         165
  C:2F11H         LINE#         167
  C:2F18H         LINE#         168
  C:2F1FH         LINE#         169
  C:2F22H         LINE#         170
  C:2F24H         LINE#         171
  C:2F34H         LINE#         172
  C:2F3BH         LINE#         173
  C:2F3EH         LINE#         174
  C:2F40H         LINE#         175
  C:2F42H         LINE#         177
  C:2F56H         LINE#         178
  C:2F59H         LINE#         179
  C:2F5BH         LINE#         180
  C:2F5DH         LINE#         181
  C:2F5FH         LINE#         183
  C:2F5FH         LINE#         184
  C:2F62H         LINE#         185
  C:2F64H         LINE#         186
  C:2F6EH         LINE#         187
  C:2F70H         LINE#         188
  C:2F79H         LINE#         189
BL51 BANKED LINKER/LOCATER V6.22                                                      09/06/2024  00:02:55  PAGE 28


  C:2F7CH         LINE#         190
  C:2F8EH         LINE#         191
  C:2F90H         LINE#         193
  C:2F92H         LINE#         194
  C:2F95H         LINE#         195
  C:2F95H         LINE#         196
  C:2F95H         LINE#         197
  -------         ENDPROC       SYS_CCP_ISR
  -------         PROC          MYSTC_INIT
  C:3BB5H         LINE#         199
  C:3BB5H         LINE#         200
  C:3BB8H         LINE#         201
  C:3BBAH         LINE#         202
  -------         ENDPROC       MYSTC_INIT
  -------         PROC          SYS_TASK_IR
  -------         DO            
  D:0007H         SYMBOL        a
  -------         ENDDO         
  C:3204H         LINE#         204
  C:3204H         LINE#         205
  C:3204H         LINE#         206
  C:321AH         LINE#         207
  C:3221H         LINE#         208
  C:3224H         LINE#         209
  C:3227H         LINE#         210
  C:323DH         LINE#         211
  C:324DH         LINE#         212
  C:3255H         LINE#         213
  C:3258H         LINE#         214
  C:325AH         LINE#         216
  C:3270H         LINE#         217
  C:3284H         LINE#         218
  C:3284H         LINE#         219
  C:3286H         LINE#         220
  C:3289H         LINE#         222
  C:3289H         LINE#         224
  C:328BH         LINE#         225
  C:328EH         LINE#         226
  C:328EH         LINE#         227
  -------         ENDPROC       SYS_TASK_IR
  -------         PROC          SYS_TASK_1MS
  C:296EH         LINE#         229
  C:296EH         LINE#         230
  C:2976H         LINE#         231
  C:2979H         LINE#         232
  C:297BH         LINE#         233
  C:2983H         LINE#         234
  C:2986H         LINE#         235
  C:2988H         LINE#         236
  C:2990H         LINE#         237
  C:2993H         LINE#         238
  C:2995H         LINE#         239
  C:2995H         LINE#         240
  C:2995H         LINE#         241
  C:2995H         LINE#         242
  C:29A1H         LINE#         243
  C:29ADH         LINE#         244
BL51 BANKED LINKER/LOCATER V6.22                                                      09/06/2024  00:02:55  PAGE 29


  C:29B9H         LINE#         245
  C:29C5H         LINE#         246
  C:29D1H         LINE#         247
  C:29DDH         LINE#         248
  C:29F8H         LINE#         249
  C:2A07H         LINE#         250
  C:2A13H         LINE#         251
  C:2A15H         LINE#         252
  C:2A15H         LINE#         253
  C:2A1CH         LINE#         254
  C:2A1FH         LINE#         255
  C:2A2EH         LINE#         256
  C:2A30H         LINE#         257
  C:2A30H         LINE#         258
  C:2A32H         LINE#         260
  C:2A41H         LINE#         261
  C:2A4DH         LINE#         262
  C:2A4FH         LINE#         263
  C:2A4FH         LINE#         264
  C:2A4FH         LINE#         265
  -------         ENDPROC       SYS_TASK_1MS
  -------         PROC          SYS_TASK_10MS
  C:30E5H         LINE#         268
  C:30E5H         LINE#         269
  C:30F1H         LINE#         270
  C:30FDH         LINE#         271
  C:3109H         LINE#         272
  C:3115H         LINE#         273
  C:3130H         LINE#         274
  C:314BH         LINE#         275
  C:3166H         LINE#         276
  C:3169H         LINE#         277
  C:316BH         LINE#         278
  C:3177H         LINE#         279
  C:3177H         LINE#         280
  -------         ENDPROC       SYS_TASK_10MS
  -------         PROC          SYS_TASK_100MS
  C:3609H         LINE#         282
  C:3609H         LINE#         283
  C:3615H         LINE#         284
  C:3630H         LINE#         285
  C:363CH         LINE#         286
  -------         ENDPROC       SYS_TASK_100MS
  -------         PROC          SYS_TASK_1S
  C:37EFH         LINE#         289
  C:37EFH         LINE#         290
  C:37FDH         LINE#         291
  C:3803H         LINE#         292
  C:380CH         LINE#         293
  C:380EH         LINE#         294
  -------         ENDPROC       SYS_TASK_1S
  -------         PROC          MYSTC_OS
  C:3686H         LINE#         297
  C:3686H         LINE#         298
  C:368EH         LINE#         299
  C:3696H         LINE#         300
  C:369EH         LINE#         301
BL51 BANKED LINKER/LOCATER V6.22                                                      09/06/2024  00:02:55  PAGE 30


  C:36A6H         LINE#         302
  C:36AEH         LINE#         303
  C:36C3H         LINE#         306
  -------         ENDPROC       MYSTC_OS
  -------         PROC          _SETEVENTCALLBACK
  D:0007H         SYMBOL        event
  D:003FH         SYMBOL        user_callback
  C:328FH         LINE#         308
  C:3295H         LINE#         309
  C:32C6H         LINE#         310
  C:32C9H         LINE#         311
  C:32CBH         LINE#         312
  C:32CEH         LINE#         313
  C:32D0H         LINE#         314
  C:32D3H         LINE#         315
  C:32D5H         LINE#         316
  C:32D8H         LINE#         317
  C:32DAH         LINE#         318
  C:32DDH         LINE#         319
  C:32DFH         LINE#         320
  C:32E2H         LINE#         321
  C:32E4H         LINE#         322
  C:32E7H         LINE#         323
  C:32E9H         LINE#         324
  C:32ECH         LINE#         325
  C:32EEH         LINE#         326
  C:32F1H         LINE#         327
  C:32F3H         LINE#         328
  C:32F6H         LINE#         329
  C:32F8H         LINE#         330
  C:32FBH         LINE#         331
  C:32FDH         LINE#         332
  C:330BH         LINE#         333
  C:330BH         LINE#         334
  C:330BH         LINE#         335
  C:330BH         LINE#         336
  -------         ENDPROC       _SETEVENTCALLBACK
  -------         PROC          GETSYSPERFORMANCE
  C:3B9BH         LINE#         338
  C:3B9BH         LINE#         339
  C:3BA1H         LINE#         340
  -------         ENDPROC       GETSYSPERFORMANCE
  -------         ENDMOD        SYS

  -------         MODULE        VIB
  C:0000H         SYMBOL        _ICE_DUMMY_
  D:0080H         PUBLIC        P0
  D:0090H         PUBLIC        P1
  D:00A0H         PUBLIC        P2
  D:00B0H         PUBLIC        P3
  D:00C0H         PUBLIC        P4
  D:00C8H         PUBLIC        P5
  D:00E8H         PUBLIC        P6
  D:00F8H         PUBLIC        P7
  D:00A8H         PUBLIC        IE
  X:01B0H         PUBLIC        SV_Event
  C:3B31H         PUBLIC        _?sys_get_SVEvent
BL51 BANKED LINKER/LOCATER V6.22                                                      09/06/2024  00:02:55  PAGE 31


  C:002EH         PUBLIC        _?sys_SV_drv
  D:00B8H         PUBLIC        IP
  B:00A0H.4       PUBLIC        IO_SV
  D:00D8H         PUBLIC        CCON
  D:0098H         PUBLIC        SCON
  D:0088H         PUBLIC        TCON
  C:39ECH         PUBLIC        VibInit
  C:3ABDH         PUBLIC        _?GetVibAct
  D:004EH         PUBLIC        sys_SVEvent
  D:00D0H         PUBLIC        PSW
  -------         PROC          _?SYS_SV_DRV
  C:002EH         LINE#         14
  C:002EH         LINE#         15
  C:0031H         LINE#         16
  C:0034H         LINE#         17
  C:003AH         LINE#         18
  C:003AH         LINE#         19
  -------         ENDPROC       _?SYS_SV_DRV
  -------         PROC          _?SYS_GET_SVEVENT
  -------         DO            
  i:0000H         SYMBOL        a
  -------         ENDDO         
  C:3B31H         LINE#         21
  C:3B33H         LINE#         23
  C:3B37H         LINE#         24
  C:3B3AH         LINE#         25
  C:3B3CH         LINE#         26
  -------         ENDPROC       _?SYS_GET_SVEVENT
  -------         PROC          VIBINIT
  C:39ECH         LINE#         28
  C:39ECH         LINE#         29
  C:39ECH         LINE#         30
  C:39FAH         LINE#         31
  C:3A08H         LINE#         32
  -------         ENDPROC       VIBINIT
  -------         PROC          _?GETVIBACT
  -------         DO            
  i:0000H         SYMBOL        a
  -------         ENDDO         
  C:3ABDH         LINE#         34
  C:3ABFH         LINE#         36
  C:3AC7H         LINE#         37
  C:3AC9H         LINE#         38
  C:3AC9H         LINE#         39
  -------         ENDPROC       _?GETVIBACT
  -------         ENDMOD        VIB

  -------         MODULE        MUSIC
  C:0000H         SYMBOL        _ICE_DUMMY_
  D:0080H         PUBLIC        P0
  D:0090H         PUBLIC        P1
  D:00A0H         PUBLIC        P2
  D:00B0H         PUBLIC        P3
  D:00C0H         PUBLIC        P4
  D:00C8H         PUBLIC        P5
  D:00E8H         PUBLIC        P6
  D:00F8H         PUBLIC        P7
BL51 BANKED LINKER/LOCATER V6.22                                                      09/06/2024  00:02:55  PAGE 32


  C:3ACCH         PUBLIC        MusicPlayerInit
  D:00A8H         PUBLIC        IE
  C:11B7H         PUBLIC        _?sys_music_drv
  D:00B8H         PUBLIC        IP
  C:3BBBH         PUBLIC        GetPlayerMode
  X:0184H         PUBLIC        music
  D:00D8H         PUBLIC        CCON
  C:3894H         PUBLIC        _SetPlayerMode
  C:2DAAH         PUBLIC        _PlayTone
  C:33FBH         PUBLIC        _SetMusic
  D:0098H         PUBLIC        SCON
  D:0088H         PUBLIC        TCON
  B:0022H.3       PUBLIC        beat_dir
  D:00D0H         PUBLIC        PSW
  -------         PROC          _PLAYTONE
  D:003FH         SYMBOL        tone
  D:0040H         SYMBOL        beatsPM
  D:0041H         SYMBOL        scale
  D:0042H         SYMBOL        beats
  -------         DO            
  D:0043H         SYMBOL        freq
  D:0004H         SYMBOL        playtime
  C:23EDH         SYMBOL        sound_freq
  -------         ENDDO         
  C:2DAAH         LINE#         22
  C:2DB0H         LINE#         23
  C:2DB0H         LINE#         34
  C:2DB9H         LINE#         35
  C:2DEEH         LINE#         36
  C:2DF1H         LINE#         37
  C:2E32H         LINE#         38
  C:2E37H         LINE#         39
  C:2E4CH         LINE#         40
  C:2E53H         LINE#         41
  C:2E53H         LINE#         42
  -------         ENDPROC       _PLAYTONE
  -------         PROC          _?SYS_MUSIC_DRV
  -------         DO            
  i:0000H         SYMBOL        a
  i:0001H         SYMBOL        b
  X:0181H         SYMBOL        scale
  X:0182H         SYMBOL        repeat_pt
  -------         ENDDO         
  C:11B7H         LINE#         44
  C:11BBH         LINE#         48
  C:11DCH         LINE#         49
  C:11E0H         LINE#         50
  C:11EAH         LINE#         52
  C:11EAH         LINE#         54
  C:1206H         LINE#         55
  C:1244H         LINE#         56
  C:1263H         LINE#         57
  C:1275H         LINE#         58
  C:128AH         LINE#         59
  C:12A1H         LINE#         60
  C:12CDH         LINE#         61
  C:12F0H         LINE#         62
BL51 BANKED LINKER/LOCATER V6.22                                                      09/06/2024  00:02:55  PAGE 33


  C:12F8H         LINE#         63
  C:12FAH         LINE#         64
  C:1301H         LINE#         65
  C:1301H         LINE#         67
  C:1319H         LINE#         68
  C:1322H         LINE#         69
  C:1344H         LINE#         70
  C:1361H         LINE#         71
  C:1382H         LINE#         72
  C:1390H         LINE#         73
  C:1392H         LINE#         74
  C:13B3H         LINE#         75
  C:13C1H         LINE#         76
  C:13C4H         LINE#         77
  C:13C4H         LINE#         78
  C:13C4H         LINE#         79
  C:13C4H         LINE#         80
  C:13E5H         LINE#         81
  C:13E8H         LINE#         82
  C:13FBH         LINE#         83
  C:13FEH         LINE#         84
  C:141BH         LINE#         85
  C:1429H         LINE#         86
  C:142CH         LINE#         87
  C:143AH         LINE#         88
  C:143DH         LINE#         89
  C:143DH         LINE#         90
  C:143DH         LINE#         91
  C:1452H         LINE#         92
  C:1473H         LINE#         93
  C:14A0H         LINE#         94
  C:14A0H         LINE#         95
  C:14A0H         LINE#         96
  C:14A2H         LINE#         98
  C:14A8H         LINE#         100
  C:14A8H         LINE#         101
  -------         ENDPROC       _?SYS_MUSIC_DRV
  -------         PROC          MUSICPLAYERINIT
  C:3ACCH         LINE#         103
  C:3ACCH         LINE#         104
  C:3ACCH         LINE#         105
  C:3ADAH         LINE#         106
  -------         ENDPROC       MUSICPLAYERINIT
  -------         PROC          _SETMUSIC
  D:0007H         SYMBOL        beatsPM
  D:0005H         SYMBOL        tone
  D:0001H         SYMBOL        pt
  D:0044H         SYMBOL        datasize
  D:0046H         SYMBOL        display
  C:33FBH         LINE#         108
  C:33FBH         LINE#         109
  C:3402H         LINE#         110
  C:3409H         LINE#         111
  C:340DH         LINE#         112
  C:340FH         LINE#         113
  C:340FH         LINE#         114
  C:3416H         LINE#         115
BL51 BANKED LINKER/LOCATER V6.22                                                      09/06/2024  00:02:55  PAGE 34


  C:341DH         LINE#         116
  C:3437H         LINE#         117
  C:3442H         LINE#         118
  C:344AH         LINE#         119
  C:344AH         LINE#         120
  C:3452H         LINE#         122
  -------         ENDPROC       _SETMUSIC
  -------         PROC          _SETPLAYERMODE
  D:0007H         SYMBOL        play_ctrl
  C:3894H         LINE#         124
  C:3894H         LINE#         125
  C:38B6H         LINE#         126
  C:38BBH         LINE#         127
  -------         ENDPROC       _SETPLAYERMODE
  -------         PROC          GETPLAYERMODE
  C:3BBBH         LINE#         129
  C:3BBBH         LINE#         130
  C:3BC0H         LINE#         131
  -------         ENDPROC       GETPLAYERMODE
  -------         ENDMOD        MUSIC

  -------         MODULE        DS1302
  C:0000H         SYMBOL        _ICE_DUMMY_
  D:0080H         PUBLIC        P0
  D:0090H         PUBLIC        P1
  D:00A0H         PUBLIC        P2
  D:00B0H         PUBLIC        P3
  D:00C0H         PUBLIC        P4
  C:3A40H         PUBLIC        _DS1302WriteByte
  D:00C8H         PUBLIC        P5
  D:00E8H         PUBLIC        P6
  D:00F8H         PUBLIC        P7
  D:00A8H         PUBLIC        IE
  D:00B8H         PUBLIC        IP
  X:01A8H         PUBLIC        RTCtime
  B:00C8H.4       PUBLIC        RTC_io
  D:00D8H         PUBLIC        CCON
  B:0090H.6       PUBLIC        RTC_rst
  X:01AFH         PUBLIC        flag_newRTC
  D:0098H         PUBLIC        SCON
  D:0088H         PUBLIC        TCON
  C:3BA2H         PUBLIC        RTC_Read
  C:2FA6H         PUBLIC        _?sys_DS1302_drv
  C:3A8AH         PUBLIC        _NVM_Read
  C:3A59H         PUBLIC        RTC_Write
  C:37D4H         PUBLIC        _DS1302Read
  C:3843H         PUBLIC        _NVM_Write
  C:39B2H         PUBLIC        _DS1302Write
[...]
  D:0007H         SYMBOL        date
  -------         DO            
  D:0006H         SYMBOL        i
  D:0007H         SYMBOL        temp
  -------         ENDDO         
  C:3908H         LINE#         49
  C:3908H         LINE#         50
  C:3908H         LINE#         51
  C:3908H         LINE#         52
  C:390AH         LINE#         53
  C:390EH         LINE#         54
  C:3910H         LINE#         55
  C:3911H         LINE#         56
  C:3912H         LINE#         57
  C:3913H         LINE#         58
  C:3915H         LINE#         59
  C:3916H         LINE#         60
  C:3917H         LINE#         61
  C:3918H         LINE#         62
  C:391AH         LINE#         63
  C:391BH         LINE#         64
  C:391CH         LINE#         65
  C:391DH         LINE#         66
  C:3921H         LINE#         67
  C:3923H         LINE#         68
  C:3924H         LINE#         69
  C:3925H         LINE#         70
  C:3926H         LINE#         71
  C:3928H         LINE#         72
  C:3929H         LINE#         73
BL51 BANKED LINKER/LOCATER V6.22                                                      09/06/2024  00:02:55  PAGE 40


  C:392AH         LINE#         74
  C:392BH         LINE#         75
  -------         ENDPROC       _WRITEBYTE
  -------         PROC          READBYTE
  -------         DO            
  D:0006H         SYMBOL        i
  D:0007H         SYMBOL        k
  -------         ENDDO         
  C:392CH         LINE#         77
  C:392CH         LINE#         78
  C:392CH         LINE#         79
  C:392EH         LINE#         80
  C:392FH         LINE#         81
  C:3930H         LINE#         82
  C:3931H         LINE#         83
  C:3933H         LINE#         84
  C:3934H         LINE#         85
  C:3936H         LINE#         86
  C:3938H         LINE#         87
  C:3939H         LINE#         88
  C:393AH         LINE#         89
  C:3944H         LINE#         90
  C:3945H         LINE#         91
  C:3946H         LINE#         92
  C:3948H         LINE#         93
  C:3949H         LINE#         94
  C:394DH         LINE#         95
  C:394DH         LINE#         96
  -------         ENDPROC       READBYTE
  -------         PROC          _M24C02_WRITE
  D:0004H         SYMBOL        NVM_addr
  D:0005H         SYMBOL        NVM_data
  C:000EH         LINE#         98
  C:0010H         LINE#         99
  C:0013H         LINE#         100
  C:0018H         LINE#         101
  C:001BH         LINE#         102
  C:001DH         LINE#         103
  C:001DH         LINE#         104
  C:001DH         LINE#         105
  C:0020H         LINE#         106
  -------         ENDPROC       _M24C02_WRITE
  -------         PROC          _M24C02_READ
  D:0005H         SYMBOL        NVM_addr
  -------         DO            
  D:0007H         SYMBOL        date
  -------         ENDDO         
  C:3A09H         LINE#         109
  C:3A0BH         LINE#         110
  C:3A0BH         LINE#         111
  C:3A0EH         LINE#         112
  C:3A10H         LINE#         113
  C:3A10H         LINE#         114
  C:3A10H         LINE#         115
  C:3A13H         LINE#         116
  C:3A16H         LINE#         117
  C:3A1BH         LINE#         118
BL51 BANKED LINKER/LOCATER V6.22                                                      09/06/2024  00:02:55  PAGE 41


  C:3A1EH         LINE#         119
  C:3A21H         LINE#         120
  C:3A24H         LINE#         121
  C:3A24H         LINE#         122
  -------         ENDPROC       _M24C02_READ
  -------         ENDMOD        M24C02

  -------         MODULE        UART2
  C:0000H         SYMBOL        _ICE_DUMMY_
  D:001EH         PUBLIC        ModBus_Interval_Min
  D:0080H         PUBLIC        P0
  C:1B74H         PUBLIC        Uart2_isr
  D:0090H         PUBLIC        P1
  D:00A0H         PUBLIC        P2
  D:00B0H         PUBLIC        P3
  D:00C0H         PUBLIC        P4
  D:00C8H         PUBLIC        P5
  D:00E8H         PUBLIC        P6
  D:00F8H         PUBLIC        P7
  D:00BAH         PUBLIC        P_SW2
  D:00A8H         PUBLIC        IE
  D:00DBH         PUBLIC        CCAPM1
  D:00B8H         PUBLIC        IP
  C:0029H         PUBLIC        _?nullfunc0
  D:00D8H         PUBLIC        CCON
  C:3730H         PUBLIC        _SetUart2Rxd
  B:0090H.0       PUBLIC        P10
  B:0090H.1       PUBLIC        P11
  D:0098H         PUBLIC        SCON
  D:0088H         PUBLIC        TCON
  D:00AFH         PUBLIC        IE2
  D:008EH         PUBLIC        AUXR
  C:3B58H         PUBLIC        GetUart2TxStatus
  D:00D6H         PUBLIC        T2H
  B:00B0H.7       PUBLIC        M485_TxEn
  D:00D7H         PUBLIC        T2L
  C:3792H         PUBLIC        _Uart2Print
  D:009BH         PUBLIC        S2BUF
  D:009AH         PUBLIC        S2CON
  C:2CF5H         PUBLIC        _Uart2Init
  D:001FH         PUBLIC        Uart2usage
  C:3ADBH         PUBLIC        _?sys_get_Uart2RxdEvent
  X:0157H         PUBLIC        com2
  D:00D0H         PUBLIC        PSW
  -------         PROC          UART2_ISR
  C:1B74H         LINE#         19
  C:1B91H         LINE#         20
  C:1B96H         LINE#         21
  C:1B99H         LINE#         22
  C:1BCDH         LINE#         24
  C:1BD2H         LINE#         25
  C:1BD8H         LINE#         26
  C:1BD8H         LINE#         27
  C:1BD8H         LINE#         29
  C:1BE0H         LINE#         30
  C:1BE3H         LINE#         31
  C:1BE6H         LINE#         32
BL51 BANKED LINKER/LOCATER V6.22                                                      09/06/2024  00:02:55  PAGE 42


  C:1BE8H         LINE#         33
  C:1BEFH         LINE#         34
  C:1BF1H         LINE#         35
  C:1BF1H         LINE#         36
  C:1BFAH         LINE#         37
  C:1C0EH         LINE#         38
  C:1C22H         LINE#         39
  C:1C31H         LINE#         40
  C:1C3FH         LINE#         41
  C:1C71H         LINE#         42
  C:1C7FH         LINE#         43
  C:1C7FH         LINE#         44
  C:1C82H         LINE#         45
  C:1C85H         LINE#         47
  C:1C99H         LINE#         48
  C:1CADH         LINE#         49
  C:1CBCH         LINE#         50
  C:1CCAH         LINE#         51
  C:1D02H         LINE#         52
  C:1D10H         LINE#         53
  C:1D10H         LINE#         54
  C:1D2BH         LINE#         55
  C:1D2BH         LINE#         56
  C:1D2BH         LINE#         57
  -------         ENDPROC       UART2_ISR
  -------         PROC          _?SYS_GET_UART2RXDEVENT
  -------         DO            
  i:0000H         SYMBOL        a
  -------         ENDDO         
  C:3ADBH         LINE#         59
  C:3ADDH         LINE#         61
  C:3AE5H         LINE#         62
  C:3AE7H         LINE#         63
  C:3AE7H         LINE#         64
  -------         ENDPROC       _?SYS_GET_UART2RXDEVENT
  -------         PROC          _?NULLFUNC0
  C:0029H         LINE#         66
  -------         ENDPROC       _?NULLFUNC0
  -------         PROC          _UART2INIT
  D:003FH         SYMBOL        band
  D:0043H         SYMBOL        Uart2mode
  C:2CF5H         LINE#         68
  C:2CFDH         LINE#         69
  C:2CFDH         LINE#         72
  C:2D00H         LINE#         73
  C:2D06H         LINE#         74
  C:2D09H         LINE#         75
  C:2D0DH         LINE#         76
  C:2D1BH         LINE#         77
  C:2D1EH         LINE#         78
  C:2D20H         LINE#         79
  C:2D22H         LINE#         80
  C:2D24H         LINE#         82
  C:2D26H         LINE#         83
  C:2D3AH         LINE#         84
  C:2D41H         LINE#         85
  C:2D44H         LINE#         86
BL51 BANKED LINKER/LOCATER V6.22                                                      09/06/2024  00:02:55  PAGE 43


  C:2D44H         LINE#         88
  C:2D47H         LINE#         89
  C:2D66H         LINE#         90
  C:2D95H         LINE#         91
  C:2D98H         LINE#         92
  C:2D9BH         LINE#         93
  C:2DA9H         LINE#         94
  -------         ENDPROC       _UART2INIT
  -------         PROC          _SETUART2RXD
  D:0001H         SYMBOL        RxdPt
  D:0004H         SYMBOL        Nmax
  D:0044H         SYMBOL        matchhead
  D:0047H         SYMBOL        matchheadsize
  C:3730H         LINE#         96
  C:3730H         LINE#         97
  C:373BH         LINE#         98
  C:3741H         LINE#         99
  C:374BH         LINE#         100
  C:3759H         LINE#         101
  C:375BH         LINE#         102
  C:3760H         LINE#         103
  -------         ENDPROC       _SETUART2RXD
  -------         PROC          _UART2PRINT
  D:0001H         SYMBOL        pt
  D:0004H         SYMBOL        num
  C:3792H         LINE#         105
  C:3792H         LINE#         106
  C:3798H         LINE#         107
  C:37A3H         LINE#         108
  C:37A8H         LINE#         109
  C:37AEH         LINE#         110
  C:37B2H         LINE#         112
  C:37B8H         LINE#         113
  C:37BBH         LINE#         114
  C:37BEH         LINE#         115
  C:37BEH         LINE#         116
  C:37C0H         LINE#         117
  -------         ENDPROC       _UART2PRINT
  -------         PROC          GETUART2TXSTATUS
  C:3B58H         LINE#         119
  C:3B58H         LINE#         120
  C:3B60H         LINE#         121
  C:3B62H         LINE#         122
  -------         ENDPROC       GETUART2TXSTATUS
  -------         ENDMOD        UART2

  -------         MODULE        UART1
  C:0000H         SYMBOL        _ICE_DUMMY_
  C:2195H         PUBLIC        Uart1_isr
  D:0080H         PUBLIC        P0
  D:0090H         PUBLIC        P1
  D:00A0H         PUBLIC        P2
  D:00B0H         PUBLIC        P3
  D:00C0H         PUBLIC        P4
  D:00C8H         PUBLIC        P5
  D:00E8H         PUBLIC        P6
  D:00F8H         PUBLIC        P7
BL51 BANKED LINKER/LOCATER V6.22                                                      09/06/2024  00:02:55  PAGE 44


  D:00A8H         PUBLIC        IE
  B:00A8H.4       PUBLIC        ES
  D:00B8H         PUBLIC        IP
  B:0098H.0       PUBLIC        RI
  B:0098H.1       PUBLIC        TI
  D:00D8H         PUBLIC        CCON
  C:3761H         PUBLIC        _SetUart1Rxd
  D:0099H         PUBLIC        SBUF
  D:0098H         PUBLIC        SCON
  D:0089H         PUBLIC        TMOD
  D:0088H         PUBLIC        TCON
  D:008EH         PUBLIC        AUXR
  C:3B63H         PUBLIC        GetUart1TxStatus
  B:00A8H.3       PUBLIC        ET1
  D:008DH         PUBLIC        TH1
  D:008BH         PUBLIC        TL1
  B:0088H.6       PUBLIC        TR1
  C:38BCH         PUBLIC        _Uart1Print
  C:3384H         PUBLIC        _Uart1Init
  C:3AEAH         PUBLIC        _?sys_get_Uart1RxdEvent
  X:016CH         PUBLIC        com1
  D:00D0H         PUBLIC        PSW
  -------         PROC          UART1_ISR
  C:2195H         LINE#         10
  C:21B2H         LINE#         11
  C:21B5H         LINE#         12
  C:21B7H         LINE#         13
  C:21EBH         LINE#         14
  C:21F0H         LINE#         15
  C:21F0H         LINE#         16
  C:21F6H         LINE#         17
  C:21F8H         LINE#         18
  C:21FBH         LINE#         19
  C:21FDH         LINE#         20
  C:2204H         LINE#         21
  C:2204H         LINE#         22
  C:2218H         LINE#         23
  C:222CH         LINE#         24
  C:223BH         LINE#         25
  C:2249H         LINE#         26
  C:2281H         LINE#         27
  C:228FH         LINE#         28
  C:228FH         LINE#         29
  C:22AAH         LINE#         30
  C:22AAH         LINE#         31
  -------         ENDPROC       UART1_ISR
  -------         PROC          _?SYS_GET_UART1RXDEVENT
  -------         DO            
  i:0000H         SYMBOL        a
  -------         ENDDO         
  C:3AEAH         LINE#         33
  C:3AECH         LINE#         35
  C:3AF4H         LINE#         36
  C:3AF6H         LINE#         37
  C:3AF6H         LINE#         38
  -------         ENDPROC       _?SYS_GET_UART1RXDEVENT
  -------         PROC          _UART1INIT
BL51 BANKED LINKER/LOCATER V6.22                                                      09/06/2024  00:02:55  PAGE 45


  D:003FH         SYMBOL        band
  C:3384H         LINE#         40
  C:338CH         LINE#         41
  C:338CH         LINE#         43
  C:338FH         LINE#         44
  C:3392H         LINE#         45
  C:3395H         LINE#         46
  C:3398H         LINE#         47
  C:33B7H         LINE#         48
  C:33E6H         LINE#         49
  C:33E8H         LINE#         50
  C:33EAH         LINE#         51
  C:33ECH         LINE#         52
  C:33FAH         LINE#         53
  -------         ENDPROC       _UART1INIT
  -------         PROC          _SETUART1RXD
  D:0001H         SYMBOL        RxdPt
  D:0004H         SYMBOL        Nmax
  D:0044H         SYMBOL        matchhead
  D:0047H         SYMBOL        matchheadsize
  C:3761H         LINE#         55
  C:3761H         LINE#         56
  C:376CH         LINE#         57
  C:3772H         LINE#         58
  C:377CH         LINE#         59
  C:378AH         LINE#         60
  C:378CH         LINE#         61
  C:3791H         LINE#         62
  -------         ENDPROC       _SETUART1RXD
  -------         PROC          _UART1PRINT
  D:0001H         SYMBOL        pt
  D:0004H         SYMBOL        num
  C:38BCH         LINE#         64
  C:38BCH         LINE#         65
  C:38C2H         LINE#         66
  C:38CDH         LINE#         67
  C:38D2H         LINE#         68
  C:38D8H         LINE#         69
  C:38DCH         LINE#         70
  C:38DEH         LINE#         71
  C:38E1H         LINE#         72
  C:38E1H         LINE#         73
  C:38E3H         LINE#         74
  -------         ENDPROC       _UART1PRINT
  -------         PROC          GETUART1TXSTATUS
  C:3B63H         LINE#         76
  C:3B63H         LINE#         77
  C:3B6BH         LINE#         78
  C:3B6DH         LINE#         79
  -------         ENDPROC       GETUART1TXSTATUS
  -------         ENDMOD        UART1

  -------         MODULE        ?C?FPADD
  C:004DH         PUBLIC        ?C?FPADD
  C:0049H         PUBLIC        ?C?FPSUB
  -------         ENDMOD        ?C?FPADD

BL51 BANKED LINKER/LOCATER V6.22                                                      09/06/2024  00:02:55  PAGE 46


  -------         MODULE        ?C?FPMUL
  C:013EH         PUBLIC        ?C?FPMUL
  -------         ENDMOD        ?C?FPMUL

  -------         MODULE        ?C?FPDIV
  C:0247H         PUBLIC        ?C?FPDIV
  -------         ENDMOD        ?C?FPDIV

  -------         MODULE        ?C?FCAST
  C:02EEH         PUBLIC        ?C?FCASTC
  C:02E9H         PUBLIC        ?C?FCASTI
  C:02E4H         PUBLIC        ?C?FCASTL
  -------         ENDMOD        ?C?FCAST

  -------         MODULE        ?C?CASTF
  C:0322H         PUBLIC        ?C?CASTF
  -------         ENDMOD        ?C?CASTF

  -------         MODULE        SQRT
  C:2E58H         PUBLIC        _SQRT
  -------         ENDMOD        SQRT

  -------         MODULE        SIN
  C:1F3AH         PUBLIC        _COS
  C:1F50H         PUBLIC        _SIN
  C:1F82H         PUBLIC        _TAN
  -------         ENDMOD        SIN

  -------         MODULE        ASIN
  C:36C4H         PUBLIC        _ASIN
  -------         ENDMOD        ASIN

  -------         MODULE        POW
  D:003FH         PUBLIC        ?_pow?BYTE
  C:2759H         PUBLIC        _pow
  -------         ENDMOD        POW

  -------         MODULE        ?C?CHKFLOAT
  C:03A3H         PUBLIC        ?C?CHKFLOAT
  -------         ENDMOD        ?C?CHKFLOAT

  -------         MODULE        ?C?FPCMP
  C:03BFH         PUBLIC        ?C?FPCMP
  C:03BDH         PUBLIC        ?C?FPCMP3
  -------         ENDMOD        ?C?FPCMP

  -------         MODULE        ?C?FPNEG
  C:042AH         PUBLIC        ?C?FPNEG
  -------         ENDMOD        ?C?FPNEG

  -------         MODULE        EXP
  C:3083H         PUBLIC        _EXP
  -------         ENDMOD        EXP

  -------         MODULE        LOG
  C:2094H         PUBLIC        _LOG
  C:2090H         PUBLIC        _LOG10
BL51 BANKED LINKER/LOCATER V6.22                                                      09/06/2024  00:02:55  PAGE 47


  -------         ENDMOD        LOG

  -------         MODULE        ATAN
  C:22E5H         PUBLIC        _ATAN
  -------         ENDMOD        ATAN

  -------         MODULE        ?C?COPY
  C:0558H         PUBLIC        ?C?COPY
  -------         ENDMOD        ?C?COPY

  -------         MODULE        ?C?CLDOPTR
  C:057EH         PUBLIC        ?C?CLDOPTR
  -------         ENDMOD        ?C?CLDOPTR

  -------         MODULE        ?C?CSTOPTR
  C:05ABH         PUBLIC        ?C?CSTOPTR
  -------         ENDMOD        ?C?CSTOPTR

  -------         MODULE        ?C?IMUL
  C:05CDH         PUBLIC        ?C?IMUL
  -------         ENDMOD        ?C?IMUL

  -------         MODULE        ?C?UIDIV
  C:05DFH         PUBLIC        ?C?UIDIV
  -------         ENDMOD        ?C?UIDIV

  -------         MODULE        ?C?SIDIV
  C:0634H         PUBLIC        ?C?SIDIV
  -------         ENDMOD        ?C?SIDIV

  -------         MODULE        ?C?IILDX
  C:066AH         PUBLIC        ?C?IILDX
  -------         ENDMOD        ?C?IILDX

  -------         MODULE        ?C?ILDIX
  C:0680H         PUBLIC        ?C?ILDIX
  -------         ENDMOD        ?C?ILDIX

  -------         MODULE        ?C?LMUL
  C:0696H         PUBLIC        ?C?LMUL
  -------         ENDMOD        ?C?LMUL

  -------         MODULE        ?C?ULDIV
  C:0721H         PUBLIC        ?C?ULDIV
  -------         ENDMOD        ?C?ULDIV

  -------         MODULE        ?C?SLDIV
  C:3585H         PUBLIC        ?C?SLDIV
  -------         ENDMOD        ?C?SLDIV

  -------         MODULE        ?C?LNEG
  C:07B3H         PUBLIC        ?C?LNEG
  -------         ENDMOD        ?C?LNEG

  -------         MODULE        ?C?ULSHR
  C:07C1H         PUBLIC        ?C?ULSHR
  -------         ENDMOD        ?C?ULSHR
BL51 BANKED LINKER/LOCATER V6.22                                                      09/06/2024  00:02:55  PAGE 48



  -------         MODULE        ?C?SLSHR
  C:07D4H         PUBLIC        ?C?SLSHR
  -------         ENDMOD        ?C?SLSHR

  -------         MODULE        ?C?LLDCODE
  C:07E8H         PUBLIC        ?C?LLDCODE
  -------         ENDMOD        ?C?LLDCODE

  -------         MODULE        ?C?LLDCODE0
  C:07F8H         PUBLIC        ?C?LLDCODE0
  -------         ENDMOD        ?C?LLDCODE0

  -------         MODULE        ?C?LSTXDATA
  C:0808H         PUBLIC        ?C?LSTXDATA
  -------         ENDMOD        ?C?LSTXDATA

  -------         MODULE        ?C?OFFXADD
  C:0814H         PUBLIC        ?C?OFFXADD
  -------         ENDMOD        ?C?OFFXADD

  -------         MODULE        ?C?ICALL
  C:0820H         PUBLIC        ?C?ICALL
  C:0824H         PUBLIC        ?C?ICALL2
  -------         ENDMOD        ?C?ICALL

  -------         MODULE        ?C_IBP
  D:004FH         PUBLIC        ?C_IBP
  -------         ENDMOD        ?C_IBP

*** WARNING L16: UNCALLED SEGMENT, IGNORED FOR OVERLAY PROCESS
    SEGMENT: ?PR?GETADC?ADC

*** WARNING L16: UNCALLED SEGMENT, IGNORED FOR OVERLAY PROCESS
    SEGMENT: ?PR?GETULTRASONIC?SYS

*** WARNING L16: UNCALLED SEGMENT, IGNORED FOR OVERLAY PROCESS
    SEGMENT: ?PR?GETSYSPERFORMANCE?SYS

*** WARNING L16: UNCALLED SEGMENT, IGNORED FOR OVERLAY PROCESS
    SEGMENT: ?PR?GETPLAYERMODE?MUSIC

*** WARNING L16: UNCALLED SEGMENT, IGNORED FOR OVERLAY PROCESS
    SEGMENT: ?PR?_UART2PRINT?UART2

*** WARNING L16: UNCALLED SEGMENT, IGNORED FOR OVERLAY PROCESS
    SEGMENT: ?PR?GETUART2TXSTATUS?UART2

*** WARNING L16: UNCALLED SEGMENT, IGNORED FOR OVERLAY PROCESS
    SEGMENT: ?PR?GETUART1TXSTATUS?UART1

Program Size: data=80.4 xdata=433 code=15294
LINK/LOCATE RUN COMPLETE.  7 WARNING(S),  0 ERROR(S)
