C51 COMPILER V9.00   DISPLAY                                                               09/03/2024 02:58:50 PAGE 1   


C51 COMPILER V9.00, COMPILATION OF MODULE DISPLAY
OBJECT MODULE PLACED IN .\output\display.obj
COMPILER INVOKED BY: D:\Keli\C51\BIN\C51.EXE source\display.c BROWSE INCDIR(.\inc) DEBUG OBJECTEXTEND PRINT(.\list\displ
                    -ay.lst) OBJECT(.\output\display.obj)

line level    source

   1          /*
   2          #include "data.h"
   3          #include "func.h"
   4          #include "ds1302.h"
   5          #include "displayer.h"
   6          #include "beep.h"
   7          
   8          #ifdef _displayer_H_                          //g~Ng 
   9          //code char decode_table[]={0x3f,0x06,0x5b,0x4f,0x66,0x6d,0x7d,0x07,0x7f,0x6f,0x00,0x08,0x40,0x01,0x41,0x4
             -8,0x76,0x38,0x40,0x00,        
  10                                /* :   0          1    2     3    4           5    6        7   8         9                       10      11       12   13   14   15    16   1
             -7   18   19         */
  11                          /* :   0        1    2     3    4     5    6    7   8    9  ()   -  -  -  -  -  H    L    -     *
             -/  
  12          //                             0x3f|0x80,0x06|0x80,0x5b|0x80,0x4f|0x80,0x66|0x80,0x6d|0x80,0x7d|0x80,0x07|0x80,
             -0x7f|0x80,0x6f|0x80 };  
  13                       /* §³     20         21         22         23      24        25        26        27        28
             -        29        */
  14          //#endif
  15          /*
  16          void display(){
  17                  
  18                  //§µ
  19                  if((status&0x0f)==0x01){
  20                          time = RTC_Read();
  21                          Seg7Print(time.hour/16,time.hour%16,12,time.minute/16,time.minute%16,12,time.second/16,time.second%16);
  22                  }
  23          
  24                  //¦Ã
  25                  else if((status&0x0f)==0x02||status==0x08){
  26                          if(lon_lat==0){
  27                                  Seg7Print(10,lon_h/100,(lon_h/10)%10,lon_h%10+20,lon_m/10,lon_m%10+20,(int)lon_s/10,(int)lon_s%10);
  28                          }
  29                          else{
  30                                  Seg7Print(10,10,lat_h/10,lat_h%10+20,lat_m/10,lat_m%10+20,(int)lat_s/10,(int)lat_s%10);
  31                          }
  32                  }
  33          
  34                  //g'
  35                  else if((status&0x0f)==0x04){
  36                          if(status==0x04){                                                       //key2key3
  37                                  if(lock_flag==0)
  38                                          Seg7Print(10,10,10,10,10,0,30,30);      //OFF
  39                                  else
  40                                          Seg7Print(10,10,10,10,10,10,0,31);      //ON
  41                                  
  42                          }
  43                          else if(status==0x14){                                                  //g'
  44                                  Seg7Print(10,10,10,10,(dis_temp/1000)+((weixuan&0x08)>>3)*20,(dis_temp/100)%10+((weixuan&0x04)>>2)*20,(
             -dis_temp/10)%10+((weixuan&0x02)>>1)*20,dis_temp%10+(weixuan&0x01)*20);
  45                          }
  46                          else if(status==0x24){
  47                                  Seg7Print(10,10,10,10,(code_temp/1000)+((weixuan&0x08)>>3)*20,(code_temp/100)%10+((weixuan&0x04)>>2)*20
             -,(code_temp/10)%10+((weixuan&0x02)>>1)*20,code_temp%10+(weixuan&0x01)*20);
C51 COMPILER V9.00   DISPLAY                                                               09/03/2024 02:58:50 PAGE 2   

  48                          }
  49                          else if(status==0x44){
  50                                  Seg7Print(10,10,10,10,(trycode/1000)+((weixuan&0x08)>>3)*20,(trycode/100)%10+((weixuan&0x04)>>2)*20,(tr
             -ycode/10)%10+((weixuan&0x02)>>1)*20,trycode%10+(weixuan&0x01)*20);
  51                          }
  52          
  53                  //
  54                          else if(status==0x18){
  55                                  Seg7Print((dis/1000000)%10,(dis/1000000)%10,(dis/100000)%10,(dis/10000)%10,(dis/1000)%10,(dis/100)%10,(
             -dis/10)%10,dis%10);
  56                          }
  57          
  58                  //
  59                          if(status==0x44){
  60                                  SetBeep(1000,20);
  61                          LedPrint(status);
  62                          }
  63                          }
  64          }
  65          */


MODULE INFORMATION:   STATIC OVERLAYABLE
   CODE SIZE        =   ----    ----
   CONSTANT SIZE    =   ----    ----
   XDATA SIZE       =   ----    ----
   PDATA SIZE       =   ----    ----
   DATA SIZE        =   ----    ----
   IDATA SIZE       =   ----    ----
   BIT SIZE         =   ----    ----
END OF MODULE INFORMATION.


C51 COMPILATION COMPLETE.  0 WARNING(S),  0 ERROR(S)
